Component: ARM Compiler 5.06 update 7 (build 960) Tool: armlink [4d3601]

==============================================================================

Section Cross References

    startup_stm32g431xx.o(STACK) refers (Special) to heapauxi.o(.text) for __use_two_region_memory
    startup_stm32g431xx.o(HEAP) refers (Special) to heapauxi.o(.text) for __use_two_region_memory
    startup_stm32g431xx.o(RESET) refers (Special) to heapauxi.o(.text) for __use_two_region_memory
    startup_stm32g431xx.o(RESET) refers to startup_stm32g431xx.o(STACK) for __initial_sp
    startup_stm32g431xx.o(RESET) refers to startup_stm32g431xx.o(.text) for Reset_Handler
    startup_stm32g431xx.o(RESET) refers to stm32g4xx_it.o(i.NMI_Handler) for NMI_Handler
    startup_stm32g431xx.o(RESET) refers to stm32g4xx_it.o(i.HardFault_Handler) for HardFault_Handler
    startup_stm32g431xx.o(RESET) refers to stm32g4xx_it.o(i.MemManage_Handler) for MemManage_Handler
    startup_stm32g431xx.o(RESET) refers to stm32g4xx_it.o(i.BusFault_Handler) for BusFault_Handler
    startup_stm32g431xx.o(RESET) refers to stm32g4xx_it.o(i.UsageFault_Handler) for UsageFault_Handler
    startup_stm32g431xx.o(RESET) refers to port.o(.emb_text) for SVC_Handler
    startup_stm32g431xx.o(RESET) refers to stm32g4xx_it.o(i.DebugMon_Handler) for DebugMon_Handler
    startup_stm32g431xx.o(RESET) refers to stm32g4xx_it.o(i.SysTick_Handler) for SysTick_Handler
    startup_stm32g431xx.o(RESET) refers to stm32g4xx_it.o(i.USART3_IRQHandler) for USART3_IRQHandler
    startup_stm32g431xx.o(.text) refers (Special) to heapauxi.o(.text) for __use_two_region_memory
    startup_stm32g431xx.o(.text) refers to system_stm32g4xx.o(i.SystemInit) for SystemInit
    startup_stm32g431xx.o(.text) refers to __main.o(!!!main) for __main
    startup_stm32g431xx.o(.text) refers to startup_stm32g431xx.o(HEAP) for Heap_Mem
    startup_stm32g431xx.o(.text) refers to startup_stm32g431xx.o(STACK) for Stack_Mem
    main.o(i.HAL_UART_RxCpltCallback) refers to stm32g4xx_hal.o(i.HAL_GetTick) for HAL_GetTick
    main.o(i.HAL_UART_RxCpltCallback) refers to esp8266.o(i.ESP8266_UART_RxCallback) for ESP8266_UART_RxCallback
    main.o(i.HAL_UART_RxCpltCallback) refers to stm32g4xx_hal_uart.o(i.HAL_UART_Receive_IT) for HAL_UART_Receive_IT
    main.o(i.HAL_UART_RxCpltCallback) refers to main.o(.data) for .data
    main.o(i.HAL_UART_RxCpltCallback) refers to usart.o(.bss) for huart3
    main.o(i.SystemClock_Config) refers to rt_memclr_w.o(.text) for __aeabi_memclr4
    main.o(i.SystemClock_Config) refers to stm32g4xx_hal_pwr_ex.o(i.HAL_PWREx_ControlVoltageScaling) for HAL_PWREx_ControlVoltageScaling
    main.o(i.SystemClock_Config) refers to stm32g4xx_hal_rcc.o(i.HAL_RCC_OscConfig) for HAL_RCC_OscConfig
    main.o(i.SystemClock_Config) refers to stm32g4xx_hal_rcc.o(i.HAL_RCC_ClockConfig) for HAL_RCC_ClockConfig
    main.o(i.main) refers to stm32g4xx_hal.o(i.HAL_Init) for HAL_Init
    main.o(i.main) refers to main.o(i.SystemClock_Config) for SystemClock_Config
    main.o(i.main) refers to gpio.o(i.MX_GPIO_Init) for MX_GPIO_Init
    main.o(i.main) refers to rtc.o(i.MX_RTC_Init) for MX_RTC_Init
    main.o(i.main) refers to spi.o(i.MX_SPI1_Init) for MX_SPI1_Init
    main.o(i.main) refers to i2c.o(i.MX_I2C2_Init) for MX_I2C2_Init
    main.o(i.main) refers to usart.o(i.MX_USART1_UART_Init) for MX_USART1_UART_Init
    main.o(i.main) refers to usart.o(i.MX_USART3_UART_Init) for MX_USART3_UART_Init
    main.o(i.main) refers to i2c.o(i.MX_I2C3_Init) for MX_I2C3_Init
    main.o(i.main) refers to tim.o(i.MX_TIM1_Init) for MX_TIM1_Init
    main.o(i.main) refers to stm32g4xx_hal_uart.o(i.HAL_UART_Receive_IT) for HAL_UART_Receive_IT
    main.o(i.main) refers to app_tasks.o(i.App_Init) for App_Init
    main.o(i.main) refers to cmsis_os2.o(i.osKernelInitialize) for osKernelInitialize
    main.o(i.main) refers to app_tasks.o(i.App_StartTasks) for App_StartTasks
    main.o(i.main) refers to cmsis_os2.o(i.osKernelStart) for osKernelStart
    main.o(i.main) refers to main.o(.data) for .data
    main.o(i.main) refers to usart.o(.bss) for huart3
    gpio.o(i.MX_GPIO_Init) refers to rt_memclr_w.o(.text) for __aeabi_memclr4
    gpio.o(i.MX_GPIO_Init) refers to stm32g4xx_hal_gpio.o(i.HAL_GPIO_WritePin) for HAL_GPIO_WritePin
    gpio.o(i.MX_GPIO_Init) refers to stm32g4xx_hal_gpio.o(i.HAL_GPIO_Init) for HAL_GPIO_Init
    app_freertos.o(i.MX_FREERTOS_Init) refers to cmsis_os2.o(i.osThreadNew) for osThreadNew
    app_freertos.o(i.MX_FREERTOS_Init) refers to app_freertos.o(.constdata) for .constdata
    app_freertos.o(i.MX_FREERTOS_Init) refers to app_freertos.o(i.StartDefaultTask) for StartDefaultTask
    app_freertos.o(i.MX_FREERTOS_Init) refers to app_freertos.o(.data) for .data
    app_freertos.o(i.StartDefaultTask) refers to cmsis_os2.o(i.osDelay) for osDelay
    app_freertos.o(.constdata) refers to app_freertos.o(.conststring) for .conststring
[...]
    HAL_Delay                                0x08003721   Thumb Code    32  stm32g4xx_hal.o(i.HAL_Delay)
    HAL_GPIO_Init                            0x08003745   Thumb Code   550  stm32g4xx_hal_gpio.o(i.HAL_GPIO_Init)
    HAL_GPIO_ReadPin                         0x0800398d   Thumb Code    10  stm32g4xx_hal_gpio.o(i.HAL_GPIO_ReadPin)
    HAL_GPIO_WritePin                        0x08003997   Thumb Code    10  stm32g4xx_hal_gpio.o(i.HAL_GPIO_WritePin)
    HAL_GetTick                              0x080039a1   Thumb Code     6  stm32g4xx_hal.o(i.HAL_GetTick)
    HAL_I2CEx_ConfigAnalogFilter             0x080039ad   Thumb Code    86  stm32g4xx_hal_i2c_ex.o(i.HAL_I2CEx_ConfigAnalogFilter)
    HAL_I2CEx_ConfigDigitalFilter            0x08003a03   Thumb Code    82  stm32g4xx_hal_i2c_ex.o(i.HAL_I2CEx_ConfigDigitalFilter)
    HAL_I2C_Init                             0x08003a55   Thumb Code   184  stm32g4xx_hal_i2c.o(i.HAL_I2C_Init)
    HAL_I2C_Master_Receive                   0x08003b11   Thumb Code   282  stm32g4xx_hal_i2c.o(i.HAL_I2C_Master_Receive)
    HAL_I2C_Master_Transmit                  0x08003c35   Thumb Code   324  stm32g4xx_hal_i2c.o(i.HAL_I2C_Master_Transmit)
    HAL_I2C_MspInit                          0x08003d81   Thumb Code   200  i2c.o(i.HAL_I2C_MspInit)
    HAL_IncTick                              0x08003e59   Thumb Code    12  stm32g4xx_hal.o(i.HAL_IncTick)
    HAL_Init                                 0x08003e69   Thumb Code    30  stm32g4xx_hal.o(i.HAL_Init)
    HAL_InitTick                             0x08003e89   Thumb Code    58  stm32g4xx_hal.o(i.HAL_InitTick)
    HAL_MspInit                              0x08003ecd   Thumb Code    54  stm32g4xx_hal_msp.o(i.HAL_MspInit)
    HAL_NVIC_EnableIRQ                       0x08003f09   Thumb Code    26  stm32g4xx_hal_cortex.o(i.HAL_NVIC_EnableIRQ)
    HAL_NVIC_SetPriority                     0x08003f25   Thumb Code    60  stm32g4xx_hal_cortex.o(i.HAL_NVIC_SetPriority)
    HAL_NVIC_SetPriorityGrouping             0x08003f65   Thumb Code    26  stm32g4xx_hal_cortex.o(i.HAL_NVIC_SetPriorityGrouping)
    HAL_PWREx_ControlVoltageScaling          0x08003f89   Thumb Code   174  stm32g4xx_hal_pwr_ex.o(i.HAL_PWREx_ControlVoltageScaling)
    HAL_PWREx_DisableUCPDDeadBattery         0x08004045   Thumb Code    12  stm32g4xx_hal_pwr_ex.o(i.HAL_PWREx_DisableUCPDDeadBattery)
    HAL_RCCEx_PeriphCLKConfig                0x08004055   Thumb Code   638  stm32g4xx_hal_rcc_ex.o(i.HAL_RCCEx_PeriphCLKConfig)
    HAL_RCC_ClockConfig                      0x080042dd   Thumb Code   444  stm32g4xx_hal_rcc.o(i.HAL_RCC_ClockConfig)
    HAL_RCC_GetPCLK1Freq                     0x080044b9   Thumb Code    24  stm32g4xx_hal_rcc.o(i.HAL_RCC_GetPCLK1Freq)
    HAL_RCC_GetPCLK2Freq                     0x080044dd   Thumb Code    24  stm32g4xx_hal_rcc.o(i.HAL_RCC_GetPCLK2Freq)
    HAL_RCC_GetSysClockFreq                  0x08004501   Thumb Code    98  stm32g4xx_hal_rcc.o(i.HAL_RCC_GetSysClockFreq)
    HAL_RCC_OscConfig                        0x0800456d   Thumb Code  1028  stm32g4xx_hal_rcc.o(i.HAL_RCC_OscConfig)
    HAL_RTC_Init                             0x08004971   Thumb Code   152  stm32g4xx_hal_rtc.o(i.HAL_RTC_Init)
    HAL_RTC_MspInit                          0x08004a0d   Thumb Code    78  rtc.o(i.HAL_RTC_MspInit)
    HAL_RTC_SetDate                          0x08004a65   Thumb Code   156  stm32g4xx_hal_rtc.o(i.HAL_RTC_SetDate)
    HAL_RTC_SetTime                          0x08004b05   Thumb Code   198  stm32g4xx_hal_rtc.o(i.HAL_RTC_SetTime)
    HAL_RTC_WaitForSynchro                   0x08004bd1   Thumb Code    50  stm32g4xx_hal_rtc.o(i.HAL_RTC_WaitForSynchro)
    HAL_SPI_Init                             0x08004c09   Thumb Code   234  stm32g4xx_hal_spi.o(i.HAL_SPI_Init)
    HAL_SPI_MspInit                          0x08004cf5   Thumb Code    88  spi.o(i.HAL_SPI_MspInit)
    HAL_SPI_Transmit                         0x08004d55   Thumb Code   398  stm32g4xx_hal_spi.o(i.HAL_SPI_Transmit)
    HAL_SYSTICK_Config                       0x08004ee3   Thumb Code    40  stm32g4xx_hal_cortex.o(i.HAL_SYSTICK_Config)
    HAL_TIMEx_ConfigBreakDeadTime            0x08004f0d   Thumb Code   148  stm32g4xx_hal_tim_ex.o(i.HAL_TIMEx_ConfigBreakDeadTime)
    HAL_TIMEx_MasterConfigSynchronization    0x08004fa9   Thumb Code   132  stm32g4xx_hal_tim_ex.o(i.HAL_TIMEx_MasterConfigSynchronization)
    HAL_TIM_Base_Init                        0x08005045   Thumb Code    98  stm32g4xx_hal_tim.o(i.HAL_TIM_Base_Init)
    HAL_TIM_Base_MspInit                     0x080050a9   Thumb Code    30  tim.o(i.HAL_TIM_Base_MspInit)
    HAL_TIM_ConfigClockSource                0x080050d1   Thumb Code   246  stm32g4xx_hal_tim.o(i.HAL_TIM_ConfigClockSource)
    HAL_TIM_MspPostInit                      0x080051d1   Thumb Code    68  tim.o(i.HAL_TIM_MspPostInit)
    HAL_TIM_PWM_ConfigChannel                0x08005221   Thumb Code   292  stm32g4xx_hal_tim.o(i.HAL_TIM_PWM_ConfigChannel)
    HAL_TIM_PWM_Init                         0x08005345   Thumb Code    98  stm32g4xx_hal_tim.o(i.HAL_TIM_PWM_Init)
    HAL_TIM_PWM_MspInit                      0x080053a7   Thumb Code     2  stm32g4xx_hal_tim.o(i.HAL_TIM_PWM_MspInit)
    HAL_UARTEx_DisableFifoMode               0x080053a9   Thumb Code    62  stm32g4xx_hal_uart_ex.o(i.HAL_UARTEx_DisableFifoMode)
    HAL_UARTEx_RxEventCallback               0x080053e7   Thumb Code     2  stm32g4xx_hal_uart.o(i.HAL_UARTEx_RxEventCallback)
    HAL_UARTEx_RxFifoFullCallback            0x080053e9   Thumb Code     2  stm32g4xx_hal_uart_ex.o(i.HAL_UARTEx_RxFifoFullCallback)
    HAL_UARTEx_SetRxFifoThreshold            0x080053eb   Thumb Code    76  stm32g4xx_hal_uart_ex.o(i.HAL_UARTEx_SetRxFifoThreshold)
    HAL_UARTEx_SetTxFifoThreshold            0x08005437   Thumb Code    76  stm32g4xx_hal_uart_ex.o(i.HAL_UARTEx_SetTxFifoThreshold)
    HAL_UARTEx_TxFifoEmptyCallback           0x08005483   Thumb Code     2  stm32g4xx_hal_uart_ex.o(i.HAL_UARTEx_TxFifoEmptyCallback)
    HAL_UARTEx_WakeupCallback                0x08005485   Thumb Code     2  stm32g4xx_hal_uart_ex.o(i.HAL_UARTEx_WakeupCallback)
    HAL_UART_ErrorCallback                   0x08005487   Thumb Code     2  stm32g4xx_hal_uart.o(i.HAL_UART_ErrorCallback)
    HAL_UART_IRQHandler                      0x08005489   Thumb Code   782  stm32g4xx_hal_uart.o(i.HAL_UART_IRQHandler)
    HAL_UART_Init                            0x080057a5   Thumb Code   106  stm32g4xx_hal_uart.o(i.HAL_UART_Init)
    HAL_UART_MspInit                         0x08005811   Thumb Code   216  usart.o(i.HAL_UART_MspInit)
    HAL_UART_Receive_IT                      0x080058f9   Thumb Code    66  stm32g4xx_hal_uart.o(i.HAL_UART_Receive_IT)
    HAL_UART_RxCpltCallback                  0x08005941   Thumb Code    40  main.o(i.HAL_UART_RxCpltCallback)
    HAL_UART_Transmit                        0x08005975   Thumb Code   174  stm32g4xx_hal_uart.o(i.HAL_UART_Transmit)
    HAL_UART_TxCpltCallback                  0x08005a23   Thumb Code     2  stm32g4xx_hal_uart.o(i.HAL_UART_TxCpltCallback)
    HardFault_Handler                        0x08005a25   Thumb Code     2  stm32g4xx_it.o(i.HardFault_Handler)
    LEDTask                                  0x08005d59   Thumb Code   112  app_tasks.o(i.LEDTask)
    MPU6050_CalculateAngles                  0x08005ddd   Thumb Code    94  mpu6050.o(i.MPU6050_CalculateAngles)
    MPU6050_Init                             0x08005e45   Thumb Code    88  mpu6050.o(i.MPU6050_Init)
    MPU6050_ReadData                         0x08005e9d   Thumb Code   270  mpu6050.o(i.MPU6050_ReadData)
    MPU6050_ReadID                           0x08005fb9   Thumb Code    24  mpu6050.o(i.MPU6050_ReadID)
    MPU6050_SetAccelRange                    0x08006005   Thumb Code    10  mpu6050.o(i.MPU6050_SetAccelRange)
    MPU6050_SetGyroRange                     0x0800600f   Thumb Code    10  mpu6050.o(i.MPU6050_SetGyroRange)
    MQTTTask                                 0x08006039   Thumb Code   552  app_tasks.o(i.MQTTTask)
    MX_GPIO_Init                             0x0800655d   Thumb Code   270  gpio.o(i.MX_GPIO_Init)
    MX_I2C2_Init                             0x0800667d   Thumb Code    76  i2c.o(i.MX_I2C2_Init)
    MX_I2C3_Init                             0x080066d5   Thumb Code    76  i2c.o(i.MX_I2C3_Init)
    MX_RTC_Init                              0x0800672d   Thumb Code   130  rtc.o(i.MX_RTC_Init)
    MX_SPI1_Init                             0x080067b9   Thumb Code    72  spi.o(i.MX_SPI1_Init)
    MX_TIM1_Init                             0x08006809   Thumb Code   210  tim.o(i.MX_TIM1_Init)
    MX_USART1_UART_Init                      0x080068e5   Thumb Code    94  usart.o(i.MX_USART1_UART_Init)
    MX_USART3_UART_Init                      0x0800694d   Thumb Code    94  usart.o(i.MX_USART3_UART_Init)
    MemManage_Handler                        0x080069b5   Thumb Code     2  stm32g4xx_it.o(i.MemManage_Handler)
    NMI_Handler                              0x080069b7   Thumb Code     2  stm32g4xx_it.o(i.NMI_Handler)
    RTC_ByteToBcd2                           0x080069b9   Thumb Code    24  stm32g4xx_hal_rtc.o(i.RTC_ByteToBcd2)
    RTC_EnterInitMode                        0x080069d1   Thumb Code    74  stm32g4xx_hal_rtc.o(i.RTC_EnterInitMode)
    RTC_ExitInitMode                         0x08006a1b   Thumb Code    80  stm32g4xx_hal_rtc.o(i.RTC_ExitInitMode)
    ST7789_DrawChar                          0x08006c4d   Thumb Code   176  st7789.o(i.ST7789_DrawChar)
    ST7789_DrawString                        0x08006d01   Thumb Code    80  st7789.o(i.ST7789_DrawString)
    ST7789_FillScreen                        0x08006d51   Thumb Code    88  st7789.o(i.ST7789_FillScreen)
    ST7789_Init                              0x08006db1   Thumb Code   374  st7789.o(i.ST7789_Init)
    SensorManager_CreateJSON                 0x08006fdd   Thumb Code   260  sensor_manager.o(i.SensorManager_CreateJSON)
    SensorManager_DetectState                0x080070e9   Thumb Code    68  sensor_manager.o(i.SensorManager_DetectState)
    SensorManager_GetData                    0x08007139   Thumb Code    14  sensor_manager.o(i.SensorManager_GetData)
    SensorManager_GetStateString             0x0800714d   Thumb Code    34  sensor_manager.o(i.SensorManager_GetStateString)
    SensorManager_Init                       0x08007199   Thumb Code   100  sensor_manager.o(i.SensorManager_Init)
    SensorManager_ReadAll                    0x08007205   Thumb Code   352  sensor_manager.o(i.SensorManager_ReadAll)
    SensorTask                               0x080073f9   Thumb Code    68  app_tasks.o(i.SensorTask)
    SysTick_Handler                          0x08007459   Thumb Code    24  stm32g4xx_it.o(i.SysTick_Handler)
    SystemClock_Config                       0x08007471   Thumb Code   112  main.o(i.SystemClock_Config)
    SystemInit                               0x080074e1   Thumb Code    12  system_stm32g4xx.o(i.SystemInit)
    TIM_Base_SetConfig                       0x080074f1   Thumb Code   160  stm32g4xx_hal_tim.o(i.TIM_Base_SetConfig)
    TIM_ETR_SetConfig                        0x080075ad   Thumb Code    20  stm32g4xx_hal_tim.o(i.TIM_ETR_SetConfig)
    TIM_OC2_SetConfig                        0x08007671   Thumb Code   120  stm32g4xx_hal_tim.o(i.TIM_OC2_SetConfig)
    UART_AdvFeatureConfig                    0x0800798d   Thumb Code   200  stm32g4xx_hal_uart.o(i.UART_AdvFeatureConfig)
    UART_CheckIdleState                      0x08007a55   Thumb Code   172  stm32g4xx_hal_uart.o(i.UART_CheckIdleState)
    UART_SetConfig                           0x08008035   Thumb Code   582  stm32g4xx_hal_uart.o(i.UART_SetConfig)
    UART_Start_Receive_IT                    0x080082a9   Thumb Code   256  stm32g4xx_hal_uart.o(i.UART_Start_Receive_IT)
    UART_WaitOnFlagUntilTimeout              0x080083b9   Thumb Code   148  stm32g4xx_hal_uart.o(i.UART_WaitOnFlagUntilTimeout)
    USART3_IRQHandler                        0x0800844d   Thumb Code     6  stm32g4xx_it.o(i.USART3_IRQHandler)
    UsageFault_Handler                       0x0800848d   Thumb Code     2  stm32g4xx_it.o(i.UsageFault_Handler)
    __ARM_fpclassify                         0x0800848f   Thumb Code    48  fpclassify.o(i.__ARM_fpclassify)
    __ARM_fpclassifyf                        0x080084bf   Thumb Code    38  fpclassifyf.o(i.__ARM_fpclassifyf)
    __hardfp_atan2f                          0x08008505   Thumb Code   594  atan2f.o(i.__hardfp_atan2f)
    __hardfp_powf                            0x080087b1   Thumb Code  1606  powf.o(i.__hardfp_powf)
    __mathlib_powf                           0x080087b1   Thumb Code     0  powf.o(i.__hardfp_powf)
    __hardfp_sqrtf                           0x08008e15   Thumb Code    58  sqrtf.o(i.__hardfp_sqrtf)
    __mathlib_flt_divzero                    0x08008e51   Thumb Code    14  funder.o(i.__mathlib_flt_divzero)
    __mathlib_flt_infnan2                    0x08008e65   Thumb Code     6  funder.o(i.__mathlib_flt_infnan2)
    __mathlib_flt_invalid                    0x08008e6d   Thumb Code    10  funder.o(i.__mathlib_flt_invalid)
    __mathlib_flt_overflow                   0x08008e7d   Thumb Code    10  funder.o(i.__mathlib_flt_overflow)
    __mathlib_flt_underflow                  0x08008e8d   Thumb Code    10  funder.o(i.__mathlib_flt_underflow)
    _is_digit                                0x08008e9d   Thumb Code    14  __printf_wp.o(i._is_digit)
    fputc                                    0x08008eab   Thumb Code    26  fputc.o(i.fputc)
    main                                     0x08008ec5   Thumb Code    68  main.o(i.main)
    osDelay                                  0x08008f11   Thumb Code    26  cmsis_os2.o(i.osDelay)
    osKernelInitialize                       0x08008f2d   Thumb Code    32  cmsis_os2.o(i.osKernelInitialize)
    osKernelStart                            0x08008f51   Thumb Code    48  cmsis_os2.o(i.osKernelStart)
    osMutexNew                               0x08008f89   Thumb Code   104  cmsis_os2.o(i.osMutexNew)
    osSemaphoreAcquire                       0x08008ff1   Thumb Code    88  cmsis_os2.o(i.osSemaphoreAcquire)
    osSemaphoreNew                           0x0800904d   Thumb Code   152  cmsis_os2.o(i.osSemaphoreNew)
    osSemaphoreRelease                       0x080090e5   Thumb Code    82  cmsis_os2.o(i.osSemaphoreRelease)
    osThreadNew                              0x0800913d   Thumb Code   138  cmsis_os2.o(i.osThreadNew)
    pvPortMalloc                             0x08009989   Thumb Code   216  heap_4.o(i.pvPortMalloc)
    pvTaskIncrementMutexHeldCount            0x08009a65   Thumb Code    18  tasks.o(i.pvTaskIncrementMutexHeldCount)
    pxPortInitialiseStack                    0x08009a7d   Thumb Code    40  port.o(i.pxPortInitialiseStack)
    uxListRemove                             0x08009aa9   Thumb Code    38  list.o(i.uxListRemove)
    uxTaskGetStackHighWaterMark              0x08009ad1   Thumb Code    12  tasks.o(i.uxTaskGetStackHighWaterMark)
    vApplicationGetIdleTaskMemory            0x08009ae1   Thumb Code    16  cmsis_os2.o(i.vApplicationGetIdleTaskMemory)
    vApplicationGetTimerTaskMemory           0x08009af5   Thumb Code    18  cmsis_os2.o(i.vApplicationGetTimerTaskMemory)
    vListInitialise                          0x08009b0d   Thumb Code    22  list.o(i.vListInitialise)
    vListInitialiseItem                      0x08009b23   Thumb Code     6  list.o(i.vListInitialiseItem)
    vListInsert                              0x08009b29   Thumb Code    48  list.o(i.vListInsert)
    vListInsertEnd                           0x08009b59   Thumb Code    24  list.o(i.vListInsertEnd)
    vPortEnterCritical                       0x08009b71   Thumb Code    54  port.o(i.vPortEnterCritical)
    vPortExitCritical                        0x08009bb1   Thumb Code    34  port.o(i.vPortExitCritical)
    vPortFree                                0x08009bd9   Thumb Code    94  heap_4.o(i.vPortFree)
    vPortSetupTimerInterrupt                 0x08009c3d   Thumb Code    32  port.o(i.vPortSetupTimerInterrupt)
    vPortValidateInterruptPriority           0x08009c61   Thumb Code    74  port.o(i.vPortValidateInterruptPriority)
    vQueueAddToRegistry                      0x08009cb5   Thumb Code    34  queue.o(i.vQueueAddToRegistry)
    vQueueDelete                             0x08009cdd   Thumb Code    46  queue.o(i.vQueueDelete)
    vQueueUnregisterQueue                    0x08009d0d   Thumb Code    36  queue.o(i.vQueueUnregisterQueue)
    vQueueWaitForMessageRestricted           0x08009d35   Thumb Code    68  queue.o(i.vQueueWaitForMessageRestricted)
    vTaskDelay                               0x08009d79   Thumb Code    66  tasks.o(i.vTaskDelay)
    vTaskInternalSetTimeOutState             0x08009dc5   Thumb Code    12  tasks.o(i.vTaskInternalSetTimeOutState)
    vTaskMissedYield                         0x08009dd5   Thumb Code     8  tasks.o(i.vTaskMissedYield)
    vTaskPlaceOnEventList                    0x08009de1   Thumb Code    44  tasks.o(i.vTaskPlaceOnEventList)
    vTaskPlaceOnEventListRestricted          0x08009e11   Thumb Code    52  tasks.o(i.vTaskPlaceOnEventListRestricted)
    vTaskPriorityDisinheritAfterTimeout      0x08009e49   Thumb Code   134  tasks.o(i.vTaskPriorityDisinheritAfterTimeout)
    vTaskStartScheduler                      0x08009ed9   Thumb Code   118  tasks.o(i.vTaskStartScheduler)
    vTaskSuspendAll                          0x08009f61   Thumb Code    10  tasks.o(i.vTaskSuspendAll)
    vTaskSwitchContext                       0x08009f71   Thumb Code    90  tasks.o(i.vTaskSwitchContext)
    xPortStartScheduler                      0x08009fd5   Thumb Code   222  port.o(i.xPortStartScheduler)
    xPortSysTickHandler                      0x0800a0c9   Thumb Code    38  port.o(i.xPortSysTickHandler)
    xQueueCreateCountingSemaphore            0x0800a0f5   Thumb Code    58  queue.o(i.xQueueCreateCountingSemaphore)
    xQueueCreateCountingSemaphoreStatic      0x0800a12f   Thumb Code    64  queue.o(i.xQueueCreateCountingSemaphoreStatic)
    xQueueCreateMutex                        0x0800a16f   Thumb Code    22  queue.o(i.xQueueCreateMutex)
    xQueueCreateMutexStatic                  0x0800a185   Thumb Code    26  queue.o(i.xQueueCreateMutexStatic)
    xQueueGenericCreate                      0x0800a19f   Thumb Code    66  queue.o(i.xQueueGenericCreate)
    xQueueGenericCreateStatic                0x0800a1e1   Thumb Code   102  queue.o(i.xQueueGenericCreateStatic)
    xQueueGenericReset                       0x0800a249   Thumb Code   132  queue.o(i.xQueueGenericReset)
    xQueueGenericSend                        0x0800a2d1   Thumb Code   346  queue.o(i.xQueueGenericSend)
    xQueueGenericSendFromISR                 0x0800a431   Thumb Code   190  queue.o(i.xQueueGenericSendFromISR)
    xQueueGiveFromISR                        0x0800a4ef   Thumb Code   156  queue.o(i.xQueueGiveFromISR)
    xQueueReceive                            0x0800a58d   Thumb Code   308  queue.o(i.xQueueReceive)
    xQueueReceiveFromISR                     0x0800a6c5   Thumb Code   154  queue.o(i.xQueueReceiveFromISR)
    xQueueSemaphoreTake                      0x0800a761   Thumb Code   372  queue.o(i.xQueueSemaphoreTake)
    xTaskCheckForTimeOut                     0x0800a8d9   Thumb Code   112  tasks.o(i.xTaskCheckForTimeOut)
    xTaskCreate                              0x0800a94d   Thumb Code    90  tasks.o(i.xTaskCreate)
    xTaskCreateStatic                        0x0800a9a7   Thumb Code    86  tasks.o(i.xTaskCreateStatic)
    xTaskGetSchedulerState                   0x0800a9fd   Thumb Code    22  tasks.o(i.xTaskGetSchedulerState)
    xTaskGetTickCount                        0x0800aa19   Thumb Code     6  tasks.o(i.xTaskGetTickCount)
    xTaskIncrementTick                       0x0800aa25   Thumb Code   192  tasks.o(i.xTaskIncrementTick)
    xTaskPriorityDisinherit                  0x0800aaed   Thumb Code   118  tasks.o(i.xTaskPriorityDisinherit)
    xTaskPriorityInherit                     0x0800ab6d   Thumb Code   112  tasks.o(i.xTaskPriorityInherit)
    xTaskRemoveFromEventList                 0x0800abe5   Thumb Code    98  tasks.o(i.xTaskRemoveFromEventList)
    xTaskResumeAll                           0x0800ac55   Thumb Code   182  tasks.o(i.xTaskResumeAll)
    xTimerCreateTimerTask                    0x0800ad19   Thumb Code    78  timers.o(i.xTimerCreateTimerTask)
    xTimerGenericCommand                     0x0800ad79   Thumb Code    98  timers.o(i.xTimerGenericCommand)
    _get_lc_numeric                          0x0800ade1   Thumb Code    44  lc_numeric_c.o(locale$$code)
    _get_lc_ctype                            0x0800ae0d   Thumb Code    44  lc_ctype_c.o(locale$$code)
    __fpl_dretinf                            0x0800ae39   Thumb Code    12  dretinf.o(x$fpl$dretinf)
    __aeabi_f2d                              0x0800ae45   Thumb Code     0  f2d.o(x$fpl$f2d)
    _f2d                                     0x0800ae45   Thumb Code    86  f2d.o(x$fpl$f2d)
    __fpl_fnaninf                            0x0800ae9b   Thumb Code   140  fnaninf.o(x$fpl$fnaninf)
    _fp_init                                 0x0800af27   Thumb Code    10  fpinit.o(x$fpl$fpinit)
    __fplib_config_fpu_vfp                   0x0800af2f   Thumb Code     0  fpinit.o(x$fpl$fpinit)
    __fplib_config_pureend_doubles           0x0800af2f   Thumb Code     0  fpinit.o(x$fpl$fpinit)
    _printf_fp_dec                           0x0800af31   Thumb Code     4  printf1.o(x$fpl$printf1)
    UARTPrescTable                           0x0800af34   Data          24  stm32g4xx_hal_uart.o(.constdata)
    __I$use$fp                               0x0800af34   Number         0  usenofp.o(x$fpl$usenofp)
    AHBPrescTable                            0x0800af5c   Data          16  system_stm32g4xx.o(.constdata)
    APBPrescTable                            0x0800af6c   Data           8  system_stm32g4xx.o(.constdata)
    Font8_Table                              0x0800b040   Data         760  lcd_font8.o(.constdata)
    __stdin_name                             0x0800b520   Data           4  sys_io.o(.constdata)
    __stdout_name                            0x0800b524   Data           4  sys_io.o(.constdata)
    __stderr_name                            0x0800b528   Data           4  sys_io.o(.constdata)
    Region$$Table$$Base                      0x0800b708   Number         0  anon$$obj.o(Region$$Table)
    Region$$Table$$Limit                     0x0800b728   Number         0  anon$$obj.o(Region$$Table)
    __ctype                                  0x0800b751   Data           0  lc_ctype_c.o(locale$$data)
    g_uart3_last_rx_tick                     0x20000004   Data           4  main.o(.data)
    uwTickPrio                               0x20000008   Data           4  stm32g4xx_hal.o(.data)
    uwTickFreq                               0x2000000c   Data           4  stm32g4xx_hal.o(.data)
    uwTick                                   0x20000010   Data           4  stm32g4xx_hal.o(.data)
    SystemCoreClock                          0x20000014   Data           4  system_stm32g4xx.o(.data)
    pxCurrentTCB                             0x20000018   Data           4  tasks.o(.data)
    sensorTaskHandle                         0x2000009c   Data           4  app_tasks.o(.data)
    mqttTaskHandle                           0x200000a0   Data           4  app_tasks.o(.data)
    displayTaskHandle                        0x200000a4   Data           4  app_tasks.o(.data)
    g_current_log_level                      0x200000ac   Data           1  debug_log.o(.data)
    printfMutex                              0x200000b0   Data           4  debug_log.o(.data)
    Font8                                    0x200000e4   Data           8  lcd_font8.o(.data)
    __aeabi_stdin                            0x200000ec   Data           4  stdio_streams.o(.data)
    __aeabi_stdout                           0x200000f0   Data           4  stdio_streams.o(.data)
    __aeabi_stderr                           0x200000f4   Data           4  stdio_streams.o(.data)
    hi2c2                                    0x200000f8   Data          84  i2c.o(.bss)
    hi2c3                                    0x2000014c   Data          84  i2c.o(.bss)
    hrtc                                     0x200001a0   Data          40  rtc.o(.bss)
    hspi1                                    0x200001c8   Data         100  spi.o(.bss)
    htim1                                    0x2000022c   Data          76  tim.o(.bss)
    huart1                                   0x20000278   Data         148  usart.o(.bss)
    huart3                                   0x2000030c   Data         148  usart.o(.bss)
    xQueueRegistry                           0x200003a0   Data          64  queue.o(.bss)
    __stdin                                  0x200021a8   Data          84  stdio_streams.o(.bss)
    __stdout                                 0x200021fc   Data          84  stdio_streams.o(.bss)
    __stderr                                 0x20002250   Data          84  stdio_streams.o(.bss)
    __libspace_start                         0x200022a4   Data          96  libspace.o(.bss)
    __temporary_stack_top$libspace           0x20002304   Data           0  libspace.o(.bss)



==============================================================================

Memory Map of the image

  Image Entry point : 0x080001d9

  Load Region LR_IROM1 (Base: 0x08000000, Size: 0x0000b94c, Max: 0x00020000, ABSOLUTE)

    Execution Region ER_IROM1 (Exec base: 0x08000000, Load base: 0x08000000, Size: 0x0000b854, Max: 0x00020000, ABSOLUTE)

    Exec Addr    Load Addr    Size         Type   Attr      Idx    E Section Name        Object

    0x08000000   0x08000000   0x000001d8   Data   RO            3    RESET               startup_stm32g431xx.o
    0x080001d8   0x080001d8   0x00000008   Code   RO         7990  * !!!main             c_w.l(__main.o)
    0x080001e0   0x080001e0   0x00000034   Code   RO         8541    !!!scatter          c_w.l(__scatter.o)
    0x08000214   0x08000214   0x0000001a   Code   RO         8543    !!handler_copy      c_w.l(__scatter_copy.o)
    0x0800022e   0x0800022e   0x00000002   PAD
    0x08000230   0x08000230   0x0000001c   Code   RO         8545    !!handler_zi        c_w.l(__scatter_zi.o)
    0x0800024c   0x0800024c   0x00000000   Code   RO         7967    .ARM.Collect$$_printf_percent$$00000000  c_w.l(_printf_percent.o)
    0x0800024c   0x0800024c   0x00000006   Code   RO         7966    .ARM.Collect$$_printf_percent$$00000003  c_w.l(_printf_f.o)
    0x08000252   0x08000252   0x00000006   Code   RO         7964    .ARM.Collect$$_printf_percent$$00000009  c_w.l(_printf_d.o)
    0x08000258   0x08000258   0x00000006   Code   RO         7965    .ARM.Collect$$_printf_percent$$0000000A  c_w.l(_printf_u.o)
    0x0800025e   0x0800025e   0x00000006   Code   RO         7963    .ARM.Collect$$_printf_percent$$00000014  c_w.l(_printf_s.o)
    0x08000264   0x08000264   0x00000004   Code   RO         8107    .ARM.Collect$$_printf_percent$$00000017  c_w.l(_printf_percent_end.o)
    0x08000268   0x08000268   0x00000002   Code   RO         8340    .ARM.Collect$$libinit$$00000000  c_w.l(libinit.o)
    0x0800026a   0x0800026a   0x00000004   Code   RO         8341    .ARM.Collect$$libinit$$00000001  c_w.l(libinit2.o)
    0x0800026e   0x0800026e   0x00000000   Code   RO         8344    .ARM.Collect$$libinit$$00000004  c_w.l(libinit2.o)
    0x0800026e   0x0800026e   0x00000008   Code   RO         8345    .ARM.Collect$$libinit$$00000005  c_w.l(libinit2.o)
    0x08000276   0x08000276   0x00000000   Code   RO         8347    .ARM.Collect$$libinit$$0000000A  c_w.l(libinit2.o)
    0x08000276   0x08000276   0x00000000   Code   RO         8349    .ARM.Collect$$libinit$$0000000C  c_w.l(libinit2.o)
    0x08000276   0x08000276   0x00000000   Code   RO         8351    .ARM.Collect$$libinit$$0000000E  c_w.l(libinit2.o)
    0x08000276   0x08000276   0x00000006   Code   RO         8352    .ARM.Collect$$libinit$$0000000F  c_w.l(libinit2.o)
    0x0800027c   0x0800027c   0x00000000   Code   RO         8354    .ARM.Collect$$libinit$$00000011  c_w.l(libinit2.o)
    0x0800027c   0x0800027c   0x0000000c   Code   RO         8355    .ARM.Collect$$libinit$$00000012  c_w.l(libinit2.o)
    0x08000288   0x08000288   0x00000000   Code   RO         8356    .ARM.Collect$$libinit$$00000013  c_w.l(libinit2.o)
    0x08000288   0x08000288   0x00000000   Code   RO         8358    .ARM.Collect$$libinit$$00000015  c_w.l(libinit2.o)
    0x08000288   0x08000288   0x0000000a   Code   RO         8359    .ARM.Collect$$libinit$$00000016  c_w.l(libinit2.o)
    0x08000292   0x08000292   0x00000000   Code   RO         8360    .ARM.Collect$$libinit$$00000017  c_w.l(libinit2.o)
    0x08000292   0x08000292   0x00000000   Code   RO         8362    .ARM.Collect$$libinit$$00000019  c_w.l(libinit2.o)
    0x08000292   0x08000292   0x00000000   Code   RO         8364    .ARM.Collect$$libinit$$0000001B  c_w.l(libinit2.o)
    0x08000292   0x08000292   0x00000000   Code   RO         8366    .ARM.Collect$$libinit$$0000001D  c_w.l(libinit2.o)
    0x08000292   0x08000292   0x00000000   Code   RO         8368    .ARM.Collect$$libinit$$0000001F  c_w.l(libinit2.o)
    0x08000292   0x08000292   0x00000000   Code   RO         8370    .ARM.Collect$$libinit$$00000021  c_w.l(libinit2.o)
    0x08000292   0x08000292   0x00000000   Code   RO         8372    .ARM.Collect$$libinit$$00000023  c_w.l(libinit2.o)
    0x08000292   0x08000292   0x00000004   Code   RO         8373    .ARM.Collect$$libinit$$00000024  c_w.l(libinit2.o)
    0x08000296   0x08000296   0x00000000   Code   RO         8374    .ARM.Collect$$libinit$$00000025  c_w.l(libinit2.o)
    0x08000296   0x08000296   0x00000000   Code   RO         8378    .ARM.Collect$$libinit$$0000002C  c_w.l(libinit2.o)
    0x08000296   0x08000296   0x00000000   Code   RO         8380    .ARM.Collect$$libinit$$0000002E  c_w.l(libinit2.o)
    0x08000296   0x08000296   0x00000000   Code   RO         8382    .ARM.Collect$$libinit$$00000030  c_w.l(libinit2.o)
    0x08000296   0x08000296   0x00000000   Code   RO         8384    .ARM.Collect$$libinit$$00000032  c_w.l(libinit2.o)
    0x08000296   0x08000296   0x00000002   Code   RO         8385    .ARM.Collect$$libinit$$00000033  c_w.l(libinit2.o)
    0x08000298   0x08000298   0x00000002   Code   RO         8522    .ARM.Collect$$libshutdown$$00000000  c_w.l(libshutdown.o)
    0x0800029a   0x0800029a   0x00000000   Code   RO         8387    .ARM.Collect$$libshutdown$$00000002  c_w.l(libshutdown2.o)
    0x0800029a   0x0800029a   0x00000000   Code   RO         8389    .ARM.Collect$$libshutdown$$00000004  c_w.l(libshutdown2.o)
    0x0800029a   0x0800029a   0x00000004   Code   RO         8390    .ARM.Collect$$libshutdown$$00000005  c_w.l(libshutdown2.o)
    0x0800029e   0x0800029e   0x00000000   Code   RO         8391    .ARM.Collect$$libshutdown$$00000006  c_w.l(libshutdown2.o)
    0x0800029e   0x0800029e   0x00000000   Code   RO         8394    .ARM.Collect$$libshutdown$$00000009  c_w.l(libshutdown2.o)
    0x0800029e   0x0800029e   0x00000000   Code   RO         8397    .ARM.Collect$$libshutdown$$0000000C  c_w.l(libshutdown2.o)
    0x0800029e   0x0800029e   0x00000000   Code   RO         8399    .ARM.Collect$$libshutdown$$0000000E  c_w.l(libshutdown2.o)
    0x0800029e   0x0800029e   0x00000000   Code   RO         8402    .ARM.Collect$$libshutdown$$00000011  c_w.l(libshutdown2.o)
    0x0800029e   0x0800029e   0x00000002   Code   RO         8403    .ARM.Collect$$libshutdown$$00000012  c_w.l(libshutdown2.o)
    0x080002a0   0x080002a0   0x00000000   Code   RO         8034    .ARM.Collect$$rtentry$$00000000  c_w.l(__rtentry.o)
    0x080002a0   0x080002a0   0x00000000   Code   RO         8158    .ARM.Collect$$rtentry$$00000002  c_w.l(__rtentry2.o)
    0x080002a0   0x080002a0   0x00000006   Code   RO         8170    .ARM.Collect$$rtentry$$00000004  c_w.l(__rtentry4.o)
    0x080002a6   0x080002a6   0x00000000   Code   RO         8160    .ARM.Collect$$rtentry$$00000009  c_w.l(__rtentry2.o)
    0x080002a6   0x080002a6   0x00000004   Code   RO         8161    .ARM.Collect$$rtentry$$0000000A  c_w.l(__rtentry2.o)
    0x080002aa   0x080002aa   0x00000000   Code   RO         8163    .ARM.Collect$$rtentry$$0000000C  c_w.l(__rtentry2.o)
    0x080002aa   0x080002aa   0x00000008   Code   RO         8164    .ARM.Collect$$rtentry$$0000000D  c_w.l(__rtentry2.o)
    0x080002b2   0x080002b2   0x00000002   Code   RO         8409    .ARM.Collect$$rtexit$$00000000  c_w.l(rtexit.o)
    0x080002b4   0x080002b4   0x00000000   Code   RO         8465    .ARM.Collect$$rtexit$$00000002  c_w.l(rtexit2.o)
    0x080002b4   0x080002b4   0x00000004   Code   RO         8466    .ARM.Collect$$rtexit$$00000003  c_w.l(rtexit2.o)
    0x080002b8   0x080002b8   0x00000006   Code   RO         8467    .ARM.Collect$$rtexit$$00000004  c_w.l(rtexit2.o)
    0x080002be   0x080002be   0x00000002   PAD
    0x080002c0   0x080002c0   0x000000be   Code   RO         7016    .emb_text           port.o
    0x0800037e   0x0800037e   0x00000002   PAD
    0x08000380   0x08000380   0x00000000   Code   RO         8471    .emb_text           c_w.l(maybetermalloc1.o)
    0x08000380   0x08000380   0x00000040   Code   RO            4    .text               startup_stm32g431xx.o
    0x080003c0   0x080003c0   0x000000ee   Code   RO         7923    .text               c_w.l(lludivv7m.o)
    0x080004ae   0x080004ae   0x00000048   Code   RO         7925    .text               c_w.l(llsdiv.o)
    0x080004f6   0x080004f6   0x00000002   PAD
    0x080004f8   0x080004f8   0x00000018   Code   RO         7929    .text               c_w.l(__2printf.o)
    0x08000510   0x08000510   0x00000038   Code   RO         7931    .text               c_w.l(__2snprintf.o)
    0x08000548   0x08000548   0x00000052   Code   RO         7939    .text               c_w.l(_printf_str.o)
    0x0800059a   0x0800059a   0x00000002   PAD
    0x0800059c   0x0800059c   0x00000078   Code   RO         7941    .text               c_w.l(_printf_dec.o)
    0x08000614   0x08000614   0x00000188   Code   RO         7960    .text               c_w.l(__printf_flags_ss_wp.o)
    0x0800079c   0x0800079c   0x0000001a   Code   RO         7968    .text               c_w.l(atoi.o)
    0x080007b6   0x080007b6   0x00000024   Code   RO         7970    .text               c_w.l(strstr.o)
    0x080007da   0x080007da   0x0000003e   Code   RO         7972    .text               c_w.l(strlen.o)
    0x08000818   0x08000818   0x0000008a   Code   RO         7976    .text               c_w.l(rt_memcpy_v6.o)
    0x080008a2   0x080008a2   0x00000064   Code   RO         7978    .text               c_w.l(rt_memcpy_w.o)
    0x08000906   0x08000906   0x00000010   Code   RO         7982    .text               c_w.l(aeabi_memset.o)
    0x08000916   0x08000916   0x00000044   Code   RO         7984    .text               c_w.l(rt_memclr.o)
    0x0800095a   0x0800095a   0x0000004e   Code   RO         7986    .text               c_w.l(rt_memclr_w.o)
    0x080009a8   0x080009a8   0x00000006   Code   RO         7988    .text               c_w.l(heapauxi.o)
    0x080009ae   0x080009ae   0x00000002   PAD
    0x080009b0   0x080009b0   0x00000008   Code   RO         8042    .text               c_w.l(rt_errno_addr_intlibspace.o)
    0x080009b8   0x080009b8   0x00000016   Code   RO         8044    .text               c_w.l(_rserrno.o)
    0x080009ce   0x080009ce   0x000000b2   Code   RO         8050    .text               c_w.l(_printf_intcommon.o)
    0x08000a80   0x08000a80   0x0000041e   Code   RO         8054    .text               c_w.l(_printf_fp_dec.o)
    0x08000e9e   0x08000e9e   0x00000002   PAD
    0x08000ea0   0x08000ea0   0x00000030   Code   RO         8056    .text               c_w.l(_printf_char_common.o)
    0x08000ed0   0x08000ed0   0x0000000a   Code   RO         8058    .text               c_w.l(_sputc.o)
    0x08000eda   0x08000eda   0x00000010   Code   RO         8060    .text               c_w.l(_snputc.o)
    0x08000eea   0x08000eea   0x0000002c   Code   RO         8062    .text               c_w.l(_printf_char.o)
    0x08000f16   0x08000f16   0x00000002   PAD
    0x08000f18   0x08000f18   0x00000024   Code   RO         8064    .text               c_w.l(_printf_char_file.o)
    0x08000f3c   0x08000f3c   0x00000070   Code   RO         8117    .text               c_w.l(strtol.o)
    0x08000fac   0x08000fac   0x00000008   Code   RO         8154    .text               c_w.l(libspace.o)
    0x08000fb4   0x08000fb4   0x00000010   Code   RO         8172    .text               c_w.l(rt_ctype_table.o)
    0x08000fc4   0x08000fc4   0x00000008   Code   RO         8179    .text               c_w.l(rt_locale_intlibspace.o)
    0x08000fcc   0x08000fcc   0x0000008a   Code   RO         8181    .text               c_w.l(lludiv10.o)
    0x08001056   0x08001056   0x00000002   PAD
    0x08001058   0x08001058   0x00000080   Code   RO         8186    .text               c_w.l(_printf_fp_infnan.o)
    0x080010d8   0x080010d8   0x0000009e   Code   RO         8192    .text               c_w.l(_strtoul.o)
    0x08001176   0x08001176   0x00000002   PAD
    0x08001178   0x08001178   0x000000e4   Code   RO         8194    .text               c_w.l(bigflt0.o)
    0x0800125c   0x0800125c   0x00000008   Code   RO         8219    .text               c_w.l(ferror.o)
    0x08001264   0x08001264   0x00000138   Code   RO         8225    .text               c_w.l(initio.o)
    0x0800139c   0x0800139c   0x00000066   Code   RO         8240    .text               c_w.l(sys_io.o)
    0x08001402   0x08001402   0x0000004a   Code   RO         8247    .text               c_w.l(sys_stackheap_outer.o)
    0x0800144c   0x0800144c   0x0000004e   Code   RO         8251    .text               c_w.l(h1_free.o)
    0x0800149a   0x0800149a   0x0000001c   Code   RO         8305    .text               c_w.l(_chval.o)
    0x080014b6   0x080014b6   0x000001d6   Code   RO         8307    .text               c_w.l(flsbuf.o)
    0x0800168c   0x0800168c   0x00000046   Code   RO         8309    .text               c_w.l(setvbuf.o)
    0x080016d2   0x080016d2   0x00000002   PAD
    0x080016d4   0x080016d4   0x000000ec   Code   RO         8312    .text               c_w.l(fopen.o)
    0x080017c0   0x080017c0   0x0000004c   Code   RO         8314    .text               c_w.l(fclose.o)
    0x0800180c   0x0800180c   0x00000012   Code   RO         8323    .text               c_w.l(exit.o)
    0x0800181e   0x0800181e   0x0000000e   Code   RO         8329    .text               c_w.l(defsig_rtred_outer.o)
    0x0800182c   0x0800182c   0x00000080   Code   RO         8333    .text               c_w.l(strcmpv7m.o)
    0x080018ac   0x080018ac   0x00000002   Code   RO         8406    .text               c_w.l(use_no_semi.o)
    0x080018ae   0x080018ae   0x00000000   Code   RO         8408    .text               c_w.l(indicate_semi.o)
    0x080018ae   0x080018ae   0x00000002   PAD
    0x080018b0   0x080018b0   0x00000008   Code   RO         8416    .text               c_w.l(rt_heap_descriptor_intlibspace.o)
    0x080018b8   0x080018b8   0x00000004   Code   RO         8418    .text               c_w.l(hguard.o)
    0x080018bc   0x080018bc   0x0000008a   Code   RO         8420    .text               c_w.l(init_alloc.o)
    0x08001946   0x08001946   0x0000005e   Code   RO         8426    .text               c_w.l(h1_alloc.o)
    0x080019a4   0x080019a4   0x000000f8   Code   RO         8442    .text               c_w.l(fseek.o)
    0x08001a9c   0x08001a9c   0x000000f0   Code   RO         8444    .text               c_w.l(stdio.o)
    0x08001b8c   0x08001b8c   0x0000000a   Code   RO         8450    .text               c_w.l(defsig_exit.o)
    0x08001b96   0x08001b96   0x00000002   PAD
    0x08001b98   0x08001b98   0x00000034   Code   RO         8454    .text               c_w.l(defsig_rtred_inner.o)
    0x08001bcc   0x08001bcc   0x0000000c   Code   RO         8462    .text               c_w.l(sys_exit.o)
    0x08001bd8   0x08001bd8   0x0000000e   Code   RO         8473    .text               c_w.l(h1_init.o)
    0x08001be6   0x08001be6   0x00000034   Code   RO         8475    .text               c_w.l(h1_extend.o)
    0x08001c1a   0x08001c1a   0x00000042   Code   RO         8485    .text               c_w.l(ftell.o)
    0x08001c5c   0x08001c5c   0x00000032   Code   RO         8493    .text               c_w.l(defsig_general.o)
    0x08001c8e   0x08001c8e   0x0000000e   Code   RO         8495    .text               c_w.l(defsig_rtmem_outer.o)
    0x08001c9c   0x08001c9c   0x0000000e   Code   RO         8508    .text               c_w.l(sys_wrch.o)
    0x08001caa   0x08001caa   0x00000002   PAD
    0x08001cac   0x08001cac   0x00000050   Code   RO         8516    .text               c_w.l(defsig_rtmem_inner.o)
    0x08001cfc   0x08001cfc   0x0000003e   Code   RO         8197    CL$$btod_d2e        c_w.l(btod.o)
    0x08001d3a   0x08001d3a   0x00000046   Code   RO         8199    CL$$btod_d2e_denorm_low  c_w.l(btod.o)
    0x08001d80   0x08001d80   0x00000060   Code   RO         8198    CL$$btod_d2e_norm_op1  c_w.l(btod.o)
    0x08001de0   0x08001de0   0x00000338   Code   RO         8207    CL$$btod_div_common  c_w.l(btod.o)
    0x08002118   0x08002118   0x000000dc   Code   RO         8204    CL$$btod_e2e        c_w.l(btod.o)
    0x080021f4   0x080021f4   0x0000002a   Code   RO         8201    CL$$btod_ediv       c_w.l(btod.o)
    0x0800221e   0x0800221e   0x0000002a   Code   RO         8200    CL$$btod_emul       c_w.l(btod.o)
    0x08002248   0x08002248   0x00000244   Code   RO         8206    CL$$btod_mult_common  c_w.l(btod.o)
    0x0800248c   0x0800248c   0x0000004c   Code   RO         7096    i.AHT20_Init        aht20.o
    0x080024d8   0x080024d8   0x0000009c   Code   RO         7098    i.AHT20_ReadData    aht20.o
    0x08002574   0x08002574   0x00000036   Code   RO         7099    i.AHT20_ReadDataBlocking  aht20.o
    0x080025aa   0x080025aa   0x00000002   PAD
    0x080025ac   0x080025ac   0x00000018   Code   RO         7100    i.AHT20_ReadRawData  aht20.o
    0x080025c4   0x080025c4   0x00000030   Code   RO         7101    i.AHT20_ReadStatus  aht20.o
    0x080025f4   0x080025f4   0x00000018   Code   RO         7102    i.AHT20_SoftReset   aht20.o
    0x0800260c   0x0800260c   0x00000024   Code   RO         7103    i.AHT20_StartMeasurement  aht20.o
    0x08002630   0x08002630   0x00000018   Code   RO         7104    i.AHT20_WriteCmd    aht20.o
    0x08002648   0x08002648   0x000000b0   Code   RO         7168    i.App_Init          app_tasks.o
    0x080026f8   0x080026f8   0x00000080   Code   RO         7169    i.App_StartTasks    app_tasks.o
    0x08002778   0x08002778   0x0000002c   Code   RO         7260    i.BMP280_CalculateAltitude  bmp280.o
    0x080027a4   0x080027a4   0x00000160   Code   RO         7261    i.BMP280_Compensate_P  bmp280.o
    0x08002904   0x08002904   0x0000002e   Code   RO         7262    i.BMP280_Init       bmp280.o
    0x08002932   0x08002932   0x00000002   PAD
    0x08002934   0x08002934   0x000000b8   Code   RO         7263    i.BMP280_ReadCalibrationData  bmp280.o
    0x080029ec   0x080029ec   0x000000c4   Code   RO         7264    i.BMP280_ReadData   bmp280.o
    0x08002ab0   0x08002ab0   0x00000018   Code   RO         7265    i.BMP280_ReadID     bmp280.o
    0x08002ac8   0x08002ac8   0x00000034   Code   RO         7266    i.BMP280_ReadReg    bmp280.o
    0x08002afc   0x08002afc   0x00000010   Code   RO         7268    i.BMP280_SetConfig  bmp280.o
    0x08002b0c   0x08002b0c   0x0000000a   Code   RO         7269    i.BMP280_SetFilter  bmp280.o
    0x08002b16   0x08002b16   0x00000002   PAD
    0x08002b18   0x08002b18   0x00000020   Code   RO         7270    i.BMP280_WriteReg   bmp280.o
    0x08002b38   0x08002b38   0x00000002   Code   RO          551    i.BusFault_Handler  stm32g4xx_it.o
    0x08002b3a   0x08002b3a   0x00000002   PAD
    0x08002b3c   0x08002b3c   0x000000c0   Code   RO         7634    i.CalculateVibration  sensor_manager.o
    0x08002bfc   0x08002bfc   0x00000018   Code   RO         7349    i.DebugLog_InitMutex  debug_log.o
    0x08002c14   0x08002c14   0x00000002   Code   RO          552    i.DebugMon_Handler  stm32g4xx_it.o
    0x08002c16   0x08002c16   0x00000044   Code   RO         7764    i.DisplayLogic_UpdateKey  display_logic.o
    0x08002c5a   0x08002c5a   0x00000002   PAD
    0x08002c5c   0x08002c5c   0x00000100   Code   RO         7170    i.DisplayTask       app_tasks.o
    0x08002d5c   0x08002d5c   0x00000014   Code   RO         7779    i.DisplayUI_DrawLine  display_ui.o
    0x08002d70   0x08002d70   0x0000003c   Code   RO         7780    i.DisplayUI_FormatWifiLine  display_ui.o
    0x08002dac   0x08002dac   0x00000004   Code   RO         7781    i.DisplayUI_Init    display_ui.o
    0x08002db0   0x08002db0   0x00000160   Code   RO         7782    i.DisplayUI_RenderPage1  display_ui.o
    0x08002f10   0x08002f10   0x00000190   Code   RO         7783    i.DisplayUI_RenderPage2  display_ui.o
    0x080030a0   0x080030a0   0x00000030   Code   RO         7418    i.ESP8266_Enable    esp8266.o
    0x080030d0   0x080030d0   0x0000000c   Code   RO         7419    i.ESP8266_GetState  esp8266.o
    0x080030dc   0x080030dc   0x00000098   Code   RO         7420    i.ESP8266_GetStateString  esp8266.o
    0x08003174   0x08003174   0x00000044   Code   RO         7421    i.ESP8266_Init      esp8266.o
    0x080031b8   0x080031b8   0x00000050   Code   RO         7423    i.ESP8266_MQTT_ConnectToBroker  esp8266.o
    0x08003208   0x08003208   0x000000d8   Code   RO         7425    i.ESP8266_MQTT_Init  esp8266.o
    0x080032e0   0x080032e0   0x00000054   Code   RO         7426    i.ESP8266_MQTT_Publish  esp8266.o
    0x08003334   0x08003334   0x00000044   Code   RO         7427    i.ESP8266_MQTT_Subscribe  esp8266.o
    0x08003378   0x08003378   0x00000084   Code   RO         7429    i.ESP8266_ProcessRxData  esp8266.o
    0x080033fc   0x080033fc   0x0000004c   Code   RO         7430    i.ESP8266_Reset     esp8266.o
    0x08003448   0x08003448   0x000000a0   Code   RO         7431    i.ESP8266_SendATCommand  esp8266.o
    0x080034e8   0x080034e8   0x00000030   Code   RO         7433    i.ESP8266_UART_RxCallback  esp8266.o
    0x08003518   0x08003518   0x0000005c   Code   RO         7434    i.ESP8266_WiFi_Connect  esp8266.o
    0x08003574   0x08003574   0x00000070   Code   RO         7436    i.ESP8266_WiFi_Init  esp8266.o
    0x080035e4   0x080035e4   0x00000054   Code   RO         7437    i.ESP8266_WiFi_IsConnected  esp8266.o
    0x08003638   0x08003638   0x00000004   Code   RO           13    i.Error_Handler     main.o
    0x0800363c   0x0800363c   0x0000006a   Code   RO         1609    i.HAL_DMA_Abort     stm32g4xx_hal_dma.o
    0x080036a6   0x080036a6   0x00000078   Code   RO         1610    i.HAL_DMA_Abort_IT  stm32g4xx_hal_dma.o
    0x0800371e   0x0800371e   0x00000002   PAD
    0x08003720   0x08003720   0x00000024   Code   RO          652    i.HAL_Delay         stm32g4xx_hal.o
    0x08003744   0x08003744   0x00000248   Code   RO         1471    i.HAL_GPIO_Init     stm32g4xx_hal_gpio.o
    0x0800398c   0x0800398c   0x0000000a   Code   RO         1473    i.HAL_GPIO_ReadPin  stm32g4xx_hal_gpio.o
    0x08003996   0x08003996   0x0000000a   Code   RO         1475    i.HAL_GPIO_WritePin  stm32g4xx_hal_gpio.o
    0x080039a0   0x080039a0   0x0000000c   Code   RO          656    i.HAL_GetTick       stm32g4xx_hal.o
    0x080039ac   0x080039ac   0x00000056   Code   RO         2732    i.HAL_I2CEx_ConfigAnalogFilter  stm32g4xx_hal_i2c_ex.o
    0x08003a02   0x08003a02   0x00000052   Code   RO         2733    i.HAL_I2CEx_ConfigDigitalFilter  stm32g4xx_hal_i2c_ex.o
    0x08003a54   0x08003a54   0x000000bc   Code   RO         2271    i.HAL_I2C_Init      stm32g4xx_hal_i2c.o
    0x08003b10   0x08003b10   0x00000124   Code   RO         2277    i.HAL_I2C_Master_Receive  stm32g4xx_hal_i2c.o
    0x08003c34   0x08003c34   0x0000014c   Code   RO         2284    i.HAL_I2C_Master_Transmit  stm32g4xx_hal_i2c.o
    0x08003d80   0x08003d80   0x000000d8   Code   RO          324    i.HAL_I2C_MspInit   i2c.o
    0x08003e58   0x08003e58   0x00000010   Code   RO          662    i.HAL_IncTick       stm32g4xx_hal.o
    0x08003e68   0x08003e68   0x0000001e   Code   RO          663    i.HAL_Init          stm32g4xx_hal.o
    0x08003e86   0x08003e86   0x00000002   PAD
    0x08003e88   0x08003e88   0x00000044   Code   RO          664    i.HAL_InitTick      stm32g4xx_hal.o
    0x08003ecc   0x08003ecc   0x0000003c   Code   RO          621    i.HAL_MspInit       stm32g4xx_hal_msp.o
    0x08003f08   0x08003f08   0x0000001a   Code   RO         2120    i.HAL_NVIC_EnableIRQ  stm32g4xx_hal_cortex.o
    0x08003f22   0x08003f22   0x00000002   PAD
    0x08003f24   0x08003f24   0x00000040   Code   RO         2126    i.HAL_NVIC_SetPriority  stm32g4xx_hal_cortex.o
    0x08003f64   0x08003f64   0x00000024   Code   RO         2127    i.HAL_NVIC_SetPriorityGrouping  stm32g4xx_hal_cortex.o
    0x08003f88   0x08003f88   0x000000bc   Code   RO         1874    i.HAL_PWREx_ControlVoltageScaling  stm32g4xx_hal_pwr_ex.o
    0x08004044   0x08004044   0x00000010   Code   RO         1886    i.HAL_PWREx_DisableUCPDDeadBattery  stm32g4xx_hal_pwr_ex.o
    0x08004054   0x08004054   0x00000288   Code   RO         1133    i.HAL_RCCEx_PeriphCLKConfig  stm32g4xx_hal_rcc_ex.o
    0x080042dc   0x080042dc   0x000001dc   Code   RO         1004    i.HAL_RCC_ClockConfig  stm32g4xx_hal_rcc.o
    0x080044b8   0x080044b8   0x00000024   Code   RO         1012    i.HAL_RCC_GetPCLK1Freq  stm32g4xx_hal_rcc.o
    0x080044dc   0x080044dc   0x00000024   Code   RO         1013    i.HAL_RCC_GetPCLK2Freq  stm32g4xx_hal_rcc.o
    0x08004500   0x08004500   0x0000006c   Code   RO         1014    i.HAL_RCC_GetSysClockFreq  stm32g4xx_hal_rcc.o
    0x0800456c   0x0800456c   0x00000404   Code   RO         1017    i.HAL_RCC_OscConfig  stm32g4xx_hal_rcc.o
    0x08004970   0x08004970   0x0000009c   Code   RO         2799    i.HAL_RTC_Init      stm32g4xx_hal_rtc.o
    0x08004a0c   0x08004a0c   0x00000058   Code   RO          372    i.HAL_RTC_MspInit   rtc.o
    0x08004a64   0x08004a64   0x000000a0   Code   RO         2805    i.HAL_RTC_SetDate   stm32g4xx_hal_rtc.o
    0x08004b04   0x08004b04   0x000000cc   Code   RO         2806    i.HAL_RTC_SetTime   stm32g4xx_hal_rtc.o
    0x08004bd0   0x08004bd0   0x00000038   Code   RO         2807    i.HAL_RTC_WaitForSynchro  stm32g4xx_hal_rtc.o
    0x08004c08   0x08004c08   0x000000ea   Code   RO         3251    i.HAL_SPI_Init      stm32g4xx_hal_spi.o
    0x08004cf2   0x08004cf2   0x00000002   PAD
    0x08004cf4   0x08004cf4   0x00000060   Code   RO          414    i.HAL_SPI_MspInit   spi.o
    0x08004d54   0x08004d54   0x0000018e   Code   RO         3259    i.HAL_SPI_Transmit  stm32g4xx_hal_spi.o
    0x08004ee2   0x08004ee2   0x00000028   Code   RO         2131    i.HAL_SYSTICK_Config  stm32g4xx_hal_cortex.o
    0x08004f0a   0x08004f0a   0x00000002   PAD
    0x08004f0c   0x08004f0c   0x0000009c   Code   RO         4312    i.HAL_TIMEx_ConfigBreakDeadTime  stm32g4xx_hal_tim_ex.o
    0x08004fa8   0x08004fa8   0x0000009c   Code   RO         4349    i.HAL_TIMEx_MasterConfigSynchronization  stm32g4xx_hal_tim_ex.o
    0x08005044   0x08005044   0x00000062   Code   RO         3593    i.HAL_TIM_Base_Init  stm32g4xx_hal_tim.o
    0x080050a6   0x080050a6   0x00000002   PAD
    0x080050a8   0x080050a8   0x00000028   Code   RO          456    i.HAL_TIM_Base_MspInit  tim.o
    0x080050d0   0x080050d0   0x00000100   Code   RO         3602    i.HAL_TIM_ConfigClockSource  stm32g4xx_hal_tim.o
    0x080051d0   0x080051d0   0x00000050   Code   RO          457    i.HAL_TIM_MspPostInit  tim.o
    0x08005220   0x08005220   0x00000124   Code   RO         3665    i.HAL_TIM_PWM_ConfigChannel  stm32g4xx_hal_tim.o
    0x08005344   0x08005344   0x00000062   Code   RO         3668    i.HAL_TIM_PWM_Init  stm32g4xx_hal_tim.o
    0x080053a6   0x080053a6   0x00000002   Code   RO         3670    i.HAL_TIM_PWM_MspInit  stm32g4xx_hal_tim.o
    0x080053a8   0x080053a8   0x0000003e   Code   RO         5156    i.HAL_UARTEx_DisableFifoMode  stm32g4xx_hal_uart_ex.o
    0x080053e6   0x080053e6   0x00000002   Code   RO         4745    i.HAL_UARTEx_RxEventCallback  stm32g4xx_hal_uart.o
    0x080053e8   0x080053e8   0x00000002   Code   RO         5164    i.HAL_UARTEx_RxFifoFullCallback  stm32g4xx_hal_uart_ex.o
    0x080053ea   0x080053ea   0x0000004c   Code   RO         5165    i.HAL_UARTEx_SetRxFifoThreshold  stm32g4xx_hal_uart_ex.o
    0x08005436   0x08005436   0x0000004c   Code   RO         5166    i.HAL_UARTEx_SetTxFifoThreshold  stm32g4xx_hal_uart_ex.o
    0x08005482   0x08005482   0x00000002   Code   RO         5168    i.HAL_UARTEx_TxFifoEmptyCallback  stm32g4xx_hal_uart_ex.o
    0x08005484   0x08005484   0x00000002   Code   RO         5169    i.HAL_UARTEx_WakeupCallback  stm32g4xx_hal_uart_ex.o
    0x08005486   0x08005486   0x00000002   Code   RO         4761    i.HAL_UART_ErrorCallback  stm32g4xx_hal_uart.o
    0x08005488   0x08005488   0x0000031c   Code   RO         4764    i.HAL_UART_IRQHandler  stm32g4xx_hal_uart.o
    0x080057a4   0x080057a4   0x0000006a   Code   RO         4765    i.HAL_UART_Init     stm32g4xx_hal_uart.o
    0x0800580e   0x0800580e   0x00000002   PAD
    0x08005810   0x08005810   0x000000e8   Code   RO          504    i.HAL_UART_MspInit  usart.o
    0x080058f8   0x080058f8   0x00000048   Code   RO         4770    i.HAL_UART_Receive_IT  stm32g4xx_hal_uart.o
    0x08005940   0x08005940   0x00000034   Code   RO           14    i.HAL_UART_RxCpltCallback  main.o
    0x08005974   0x08005974   0x000000ae   Code   RO         4774    i.HAL_UART_Transmit  stm32g4xx_hal_uart.o
    0x08005a22   0x08005a22   0x00000002   Code   RO         4777    i.HAL_UART_TxCpltCallback  stm32g4xx_hal_uart.o
    0x08005a24   0x08005a24   0x00000002   Code   RO          553    i.HardFault_Handler  stm32g4xx_it.o
    0x08005a26   0x08005a26   0x00000022   Code   RO         2318    i.I2C_Flush_TXDR    stm32g4xx_hal_i2c.o
    0x08005a48   0x08005a48   0x0000010c   Code   RO         2326    i.I2C_IsErrorOccurred  stm32g4xx_hal_i2c.o
    0x08005b54   0x08005b54   0x00000030   Code   RO         2335    i.I2C_TransferConfig  stm32g4xx_hal_i2c.o
    0x08005b84   0x08005b84   0x0000007a   Code   RO         2337    i.I2C_WaitOnFlagUntilTimeout  stm32g4xx_hal_i2c.o
    0x08005bfe   0x08005bfe   0x00000002   PAD
    0x08005c00   0x08005c00   0x000000a8   Code   RO         2338    i.I2C_WaitOnRXNEFlagUntilTimeout  stm32g4xx_hal_i2c.o
    0x08005ca8   0x08005ca8   0x00000056   Code   RO         2339    i.I2C_WaitOnSTOPFlagUntilTimeout  stm32g4xx_hal_i2c.o
    0x08005cfe   0x08005cfe   0x0000005a   Code   RO         2340    i.I2C_WaitOnTXISFlagUntilTimeout  stm32g4xx_hal_i2c.o
    0x08005d58   0x08005d58   0x00000084   Code   RO         7171    i.LEDTask           app_tasks.o
    0x08005ddc   0x08005ddc   0x00000068   Code   RO         7570    i.MPU6050_CalculateAngles  mpu6050.o
    0x08005e44   0x08005e44   0x00000058   Code   RO         7571    i.MPU6050_Init      mpu6050.o
    0x08005e9c   0x08005e9c   0x0000011c   Code   RO         7572    i.MPU6050_ReadData  mpu6050.o
    0x08005fb8   0x08005fb8   0x00000018   Code   RO         7573    i.MPU6050_ReadID    mpu6050.o
    0x08005fd0   0x08005fd0   0x00000034   Code   RO         7574    i.MPU6050_ReadReg   mpu6050.o
    0x08006004   0x08006004   0x0000000a   Code   RO         7575    i.MPU6050_SetAccelRange  mpu6050.o
    0x0800600e   0x0800600e   0x0000000a   Code   RO         7576    i.MPU6050_SetGyroRange  mpu6050.o
    0x08006018   0x08006018   0x00000020   Code   RO         7577    i.MPU6050_WriteReg  mpu6050.o
    0x08006038   0x08006038   0x00000524   Code   RO         7172    i.MQTTTask          app_tasks.o
    0x0800655c   0x0800655c   0x00000120   Code   RO          256    i.MX_GPIO_Init      gpio.o
    0x0800667c   0x0800667c   0x00000058   Code   RO          325    i.MX_I2C2_Init      i2c.o
    0x080066d4   0x080066d4   0x00000058   Code   RO          326    i.MX_I2C3_Init      i2c.o
    0x0800672c   0x0800672c   0x0000008c   Code   RO          373    i.MX_RTC_Init       rtc.o
    0x080067b8   0x080067b8   0x00000050   Code   RO          415    i.MX_SPI1_Init      spi.o
    0x08006808   0x08006808   0x000000dc   Code   RO          458    i.MX_TIM1_Init      tim.o
    0x080068e4   0x080068e4   0x00000068   Code   RO          505    i.MX_USART1_UART_Init  usart.o
    0x0800694c   0x0800694c   0x00000068   Code   RO          506    i.MX_USART3_UART_Init  usart.o
    0x080069b4   0x080069b4   0x00000002   Code   RO          554    i.MemManage_Handler  stm32g4xx_it.o
    0x080069b6   0x080069b6   0x00000002   Code   RO          555    i.NMI_Handler       stm32g4xx_it.o
    0x080069b8   0x080069b8   0x00000018   Code   RO         2809    i.RTC_ByteToBcd2    stm32g4xx_hal_rtc.o
    0x080069d0   0x080069d0   0x0000004a   Code   RO         2810    i.RTC_EnterInitMode  stm32g4xx_hal_rtc.o
    0x08006a1a   0x08006a1a   0x00000050   Code   RO         2811    i.RTC_ExitInitMode  stm32g4xx_hal_rtc.o
    0x08006a6a   0x08006a6a   0x00000048   Code   RO         3289    i.SPI_EndRxTxTransaction  stm32g4xx_hal_spi.o
    0x08006ab2   0x08006ab2   0x00000002   PAD
    0x08006ab4   0x08006ab4   0x000000e0   Code   RO         3294    i.SPI_WaitFifoStateUntilTimeout  stm32g4xx_hal_spi.o
    0x08006b94   0x08006b94   0x000000b8   Code   RO         3295    i.SPI_WaitFlagStateUntilTimeout  stm32g4xx_hal_spi.o
    0x08006c4c   0x08006c4c   0x000000b4   Code   RO         7830    i.ST7789_DrawChar   st7789.o
    0x08006d00   0x08006d00   0x00000050   Code   RO         7832    i.ST7789_DrawString  st7789.o
    0x08006d50   0x08006d50   0x00000060   Code   RO         7833    i.ST7789_FillScreen  st7789.o
    0x08006db0   0x08006db0   0x00000188   Code   RO         7834    i.ST7789_Init       st7789.o
    0x08006f38   0x08006f38   0x00000056   Code   RO         7835    i.ST7789_SetAddressWindow  st7789.o
    0x08006f8e   0x08006f8e   0x00000002   PAD
    0x08006f90   0x08006f90   0x00000024   Code   RO         7837    i.ST7789_WriteCommand  st7789.o
    0x08006fb4   0x08006fb4   0x00000028   Code   RO         7838    i.ST7789_WriteData  st7789.o
    0x08006fdc   0x08006fdc   0x0000010c   Code   RO         7635    i.SensorManager_CreateJSON  sensor_manager.o
    0x080070e8   0x080070e8   0x00000050   Code   RO         7636    i.SensorManager_DetectState  sensor_manager.o
    0x08007138   0x08007138   0x00000014   Code   RO         7637    i.SensorManager_GetData  sensor_manager.o
    0x0800714c   0x0800714c   0x0000004c   Code   RO         7638    i.SensorManager_GetStateString  sensor_manager.o
    0x08007198   0x08007198   0x0000006c   Code   RO         7639    i.SensorManager_Init  sensor_manager.o
    0x08007204   0x08007204   0x000001f4   Code   RO         7640    i.SensorManager_ReadAll  sensor_manager.o
    0x080073f8   0x080073f8   0x00000060   Code   RO         7173    i.SensorTask        app_tasks.o
    0x08007458   0x08007458   0x00000018   Code   RO          556    i.SysTick_Handler   stm32g4xx_it.o
    0x08007470   0x08007470   0x00000070   Code   RO           15    i.SystemClock_Config  main.o
    0x080074e0   0x080074e0   0x00000010   Code   RO         5275    i.SystemInit        system_stm32g4xx.o
    0x080074f0   0x080074f0   0x000000bc   Code   RO         3686    i.TIM_Base_SetConfig  stm32g4xx_hal_tim.o
    0x080075ac   0x080075ac   0x00000014   Code   RO         3697    i.TIM_ETR_SetConfig  stm32g4xx_hal_tim.o
    0x080075c0   0x080075c0   0x00000014   Code   RO         3698    i.TIM_ITRx_SetConfig  stm32g4xx_hal_tim.o
    0x080075d4   0x080075d4   0x0000009c   Code   RO         3699    i.TIM_OC1_SetConfig  stm32g4xx_hal_tim.o
    0x08007670   0x08007670   0x00000090   Code   RO         3700    i.TIM_OC2_SetConfig  stm32g4xx_hal_tim.o
    0x08007700   0x08007700   0x00000090   Code   RO         3701    i.TIM_OC3_SetConfig  stm32g4xx_hal_tim.o
    0x08007790   0x08007790   0x00000090   Code   RO         3702    i.TIM_OC4_SetConfig  stm32g4xx_hal_tim.o
    0x08007820   0x08007820   0x00000070   Code   RO         3703    i.TIM_OC5_SetConfig  stm32g4xx_hal_tim.o
    0x08007890   0x08007890   0x00000070   Code   RO         3704    i.TIM_OC6_SetConfig  stm32g4xx_hal_tim.o
    0x08007900   0x08007900   0x00000022   Code   RO         3706    i.TIM_TI1_ConfigInputStage  stm32g4xx_hal_tim.o
    0x08007922   0x08007922   0x00000024   Code   RO         3708    i.TIM_TI2_ConfigInputStage  stm32g4xx_hal_tim.o
    0x08007946   0x08007946   0x00000002   PAD
    0x08007948   0x08007948   0x00000044   Code   RO         5170    i.UARTEx_SetNbDataToProcess  stm32g4xx_hal_uart_ex.o
    0x0800798c   0x0800798c   0x000000c8   Code   RO         4779    i.UART_AdvFeatureConfig  stm32g4xx_hal_uart.o
    0x08007a54   0x08007a54   0x000000ac   Code   RO         4780    i.UART_CheckIdleState  stm32g4xx_hal_uart.o
    0x08007b00   0x08007b00   0x00000010   Code   RO         4781    i.UART_DMAAbortOnError  stm32g4xx_hal_uart.o
    0x08007b10   0x08007b10   0x00000054   Code   RO         4791    i.UART_EndRxTransfer  stm32g4xx_hal_uart.o
    0x08007b64   0x08007b64   0x000000c8   Code   RO         4793    i.UART_RxISR_16BIT  stm32g4xx_hal_uart.o
    0x08007c2c   0x08007c2c   0x000001a0   Code   RO         4794    i.UART_RxISR_16BIT_FIFOEN  stm32g4xx_hal_uart.o
    0x08007dcc   0x08007dcc   0x000000c8   Code   RO         4795    i.UART_RxISR_8BIT   stm32g4xx_hal_uart.o
    0x08007e94   0x08007e94   0x000001a0   Code   RO         4796    i.UART_RxISR_8BIT_FIFOEN  stm32g4xx_hal_uart.o
    0x08008034   0x08008034   0x00000274   Code   RO         4797    i.UART_SetConfig    stm32g4xx_hal_uart.o
    0x080082a8   0x080082a8   0x00000110   Code   RO         4799    i.UART_Start_Receive_IT  stm32g4xx_hal_uart.o
    0x080083b8   0x080083b8   0x00000094   Code   RO         4804    i.UART_WaitOnFlagUntilTimeout  stm32g4xx_hal_uart.o
    0x0800844c   0x0800844c   0x0000000c   Code   RO          557    i.USART3_IRQHandler  stm32g4xx_it.o
    0x08008458   0x08008458   0x00000034   Code   RO         7641    i.UpdateAccelHistory  sensor_manager.o
    0x0800848c   0x0800848c   0x00000002   Code   RO          558    i.UsageFault_Handler  stm32g4xx_it.o
    0x0800848e   0x0800848e   0x00000030   Code   RO         8238    i.__ARM_fpclassify  m_wm.l(fpclassify.o)
    0x080084be   0x080084be   0x00000026   Code   RO         8138    i.__ARM_fpclassifyf  m_wm.l(fpclassifyf.o)
    0x080084e4   0x080084e4   0x00000020   Code   RO         2133    i.__NVIC_SetPriority  stm32g4xx_hal_cortex.o
    0x08008504   0x08008504   0x000002ac   Code   RO         7996    i.__hardfp_atan2f   m_wm.l(atan2f.o)
    0x080087b0   0x080087b0   0x00000664   Code   RO         8008    i.__hardfp_powf     m_wm.l(powf.o)
    0x08008e14   0x08008e14   0x0000003a   Code   RO         8022    i.__hardfp_sqrtf    m_wm.l(sqrtf.o)
    0x08008e4e   0x08008e4e   0x00000002   PAD
    0x08008e50   0x08008e50   0x00000014   Code   RO         8140    i.__mathlib_flt_divzero  m_wm.l(funder.o)
    0x08008e64   0x08008e64   0x00000006   Code   RO         8142    i.__mathlib_flt_infnan2  m_wm.l(funder.o)
    0x08008e6a   0x08008e6a   0x00000002   PAD
    0x08008e6c   0x08008e6c   0x00000010   Code   RO         8143    i.__mathlib_flt_invalid  m_wm.l(funder.o)
    0x08008e7c   0x08008e7c   0x00000010   Code   RO         8144    i.__mathlib_flt_overflow  m_wm.l(funder.o)
    0x08008e8c   0x08008e8c   0x00000010   Code   RO         8146    i.__mathlib_flt_underflow  m_wm.l(funder.o)
    0x08008e9c   0x08008e9c   0x0000000e   Code   RO         7953    i._is_digit         c_w.l(__printf_wp.o)
    0x08008eaa   0x08008eaa   0x0000001a   Code   RO         8222    i.fputc             c_w.l(fputc.o)
    0x08008ec4   0x08008ec4   0x0000004c   Code   RO           16    i.main              main.o
    0x08008f10   0x08008f10   0x0000001a   Code   RO         6451    i.osDelay           cmsis_os2.o
    0x08008f2a   0x08008f2a   0x00000002   PAD
    0x08008f2c   0x08008f2c   0x00000024   Code   RO         6465    i.osKernelInitialize  cmsis_os2.o
    0x08008f50   0x08008f50   0x00000038   Code   RO         6468    i.osKernelStart     cmsis_os2.o
    0x08008f88   0x08008f88   0x00000068   Code   RO         6491    i.osMutexNew        cmsis_os2.o
    0x08008ff0   0x08008ff0   0x0000005c   Code   RO         6493    i.osSemaphoreAcquire  cmsis_os2.o
    0x0800904c   0x0800904c   0x00000098   Code   RO         6496    i.osSemaphoreNew    cmsis_os2.o
    0x080090e4   0x080090e4   0x00000058   Code   RO         6497    i.osSemaphoreRelease  cmsis_os2.o
    0x0800913c   0x0800913c   0x0000008a   Code   RO         6510    i.osThreadNew       cmsis_os2.o
    0x080091c6   0x080091c6   0x00000002   PAD
    0x080091c8   0x080091c8   0x0000005c   Code   RO         5911    i.prvAddCurrentTaskToDelayedList  tasks.o
    0x08009224   0x08009224   0x000000d0   Code   RO         5912    i.prvAddNewTaskToReadyList  tasks.o
    0x080092f4   0x080092f4   0x00000058   Code   RO         6276    i.prvCheckForValidListAndQueue  timers.o
    0x0800934c   0x0800934c   0x00000026   Code   RO         5508    i.prvCopyDataFromQueue  queue.o
    0x08009372   0x08009372   0x0000006c   Code   RO         5509    i.prvCopyDataToQueue  queue.o
    0x080093de   0x080093de   0x00000034   Code   RO         5913    i.prvDeleteTCB      tasks.o
    0x08009412   0x08009412   0x00000002   PAD
    0x08009414   0x08009414   0x0000004c   Code   RO         6961    i.prvHeapInit       heap_4.o
    0x08009460   0x08009460   0x00000060   Code   RO         5914    i.prvIdleTask       tasks.o
    0x080094c0   0x080094c0   0x00000016   Code   RO         5510    i.prvInitialiseMutex  queue.o
    0x080094d6   0x080094d6   0x00000002   PAD
    0x080094d8   0x080094d8   0x00000022   Code   RO         5511    i.prvInitialiseNewQueue  queue.o
    0x080094fa   0x080094fa   0x00000002   PAD
    0x080094fc   0x080094fc   0x000000b0   Code   RO         5915    i.prvInitialiseNewTask  tasks.o
    0x080095ac   0x080095ac   0x0000004c   Code   RO         6962    i.prvInsertBlockIntoFreeList  heap_4.o
    0x080095f8   0x080095f8   0x00000038   Code   RO         6278    i.prvInsertTimerInActiveList  timers.o
    0x08009630   0x08009630   0x0000001c   Code   RO         5512    i.prvIsQueueEmpty   queue.o
    0x0800964c   0x0800964c   0x000000fc   Code   RO         6279    i.prvProcessReceivedCommands  timers.o
    0x08009748   0x08009748   0x000000c0   Code   RO         6280    i.prvProcessTimerOrBlockTask  timers.o
    0x08009808   0x08009808   0x00000020   Code   RO         5917    i.prvResetNextTaskUnblockTime  tasks.o
    0x08009828   0x08009828   0x00000028   Code   RO         6281    i.prvSampleTimeNow  timers.o
    0x08009850   0x08009850   0x0000006c   Code   RO         6282    i.prvSwitchTimerLists  timers.o
    0x080098bc   0x080098bc   0x00000014   Code   RO         5918    i.prvTaskCheckFreeStackSpace  tasks.o
    0x080098d0   0x080098d0   0x00000028   Code   RO         7017    i.prvTaskExitError  port.o
    0x080098f8   0x080098f8   0x00000024   Code   RO         6283    i.prvTimerTask      timers.o
    0x0800991c   0x0800991c   0x0000006a   Code   RO         5513    i.prvUnlockQueue    queue.o
    0x08009986   0x08009986   0x00000002   PAD
    0x08009988   0x08009988   0x000000dc   Code   RO         6963    i.pvPortMalloc      heap_4.o
    0x08009a64   0x08009a64   0x00000018   Code   RO         5920    i.pvTaskIncrementMutexHeldCount  tasks.o
    0x08009a7c   0x08009a7c   0x0000002c   Code   RO         7018    i.pxPortInitialiseStack  port.o
    0x08009aa8   0x08009aa8   0x00000026   Code   RO         5468    i.uxListRemove      list.o
    0x08009ace   0x08009ace   0x00000002   PAD
    0x08009ad0   0x08009ad0   0x00000010   Code   RO         5924    i.uxTaskGetStackHighWaterMark  tasks.o
    0x08009ae0   0x08009ae0   0x00000014   Code   RO         6522    i.vApplicationGetIdleTaskMemory  cmsis_os2.o
    0x08009af4   0x08009af4   0x00000018   Code   RO         6523    i.vApplicationGetTimerTaskMemory  cmsis_os2.o
    0x08009b0c   0x08009b0c   0x00000016   Code   RO         5469    i.vListInitialise   list.o
    0x08009b22   0x08009b22   0x00000006   Code   RO         5470    i.vListInitialiseItem  list.o
    0x08009b28   0x08009b28   0x00000030   Code   RO         5471    i.vListInsert       list.o
    0x08009b58   0x08009b58   0x00000018   Code   RO         5472    i.vListInsertEnd    list.o
    0x08009b70   0x08009b70   0x00000040   Code   RO         7020    i.vPortEnterCritical  port.o
    0x08009bb0   0x08009bb0   0x00000028   Code   RO         7021    i.vPortExitCritical  port.o
    0x08009bd8   0x08009bd8   0x00000064   Code   RO         6964    i.vPortFree         heap_4.o
    0x08009c3c   0x08009c3c   0x00000024   Code   RO         7022    i.vPortSetupTimerInterrupt  port.o
    0x08009c60   0x08009c60   0x00000054   Code   RO         7023    i.vPortValidateInterruptPriority  port.o
    0x08009cb4   0x08009cb4   0x00000028   Code   RO         5519    i.vQueueAddToRegistry  queue.o
    0x08009cdc   0x08009cdc   0x0000002e   Code   RO         5520    i.vQueueDelete      queue.o
    0x08009d0a   0x08009d0a   0x00000002   PAD
    0x08009d0c   0x08009d0c   0x00000028   Code   RO         5522    i.vQueueUnregisterQueue  queue.o
    0x08009d34   0x08009d34   0x00000044   Code   RO         5523    i.vQueueWaitForMessageRestricted  queue.o
    0x08009d78   0x08009d78   0x0000004c   Code   RO         5930    i.vTaskDelay        tasks.o
    0x08009dc4   0x08009dc4   0x00000010   Code   RO         5935    i.vTaskInternalSetTimeOutState  tasks.o
    0x08009dd4   0x08009dd4   0x0000000c   Code   RO         5936    i.vTaskMissedYield  tasks.o
    0x08009de0   0x08009de0   0x00000030   Code   RO         5938    i.vTaskPlaceOnEventList  tasks.o
    0x08009e10   0x08009e10   0x00000038   Code   RO         5939    i.vTaskPlaceOnEventListRestricted  tasks.o
    0x08009e48   0x08009e48   0x00000090   Code   RO         5941    i.vTaskPriorityDisinheritAfterTimeout  tasks.o
    0x08009ed8   0x08009ed8   0x00000088   Code   RO         5947    i.vTaskStartScheduler  tasks.o
    0x08009f60   0x08009f60   0x00000010   Code   RO         5949    i.vTaskSuspendAll   tasks.o
    0x08009f70   0x08009f70   0x00000064   Code   RO         5950    i.vTaskSwitchContext  tasks.o
    0x08009fd4   0x08009fd4   0x000000f4   Code   RO         7024    i.xPortStartScheduler  port.o
    0x0800a0c8   0x0800a0c8   0x0000002c   Code   RO         7025    i.xPortSysTickHandler  port.o
    0x0800a0f4   0x0800a0f4   0x0000003a   Code   RO         5524    i.xQueueCreateCountingSemaphore  queue.o
    0x0800a12e   0x0800a12e   0x00000040   Code   RO         5525    i.xQueueCreateCountingSemaphoreStatic  queue.o
    0x0800a16e   0x0800a16e   0x00000016   Code   RO         5526    i.xQueueCreateMutex  queue.o
    0x0800a184   0x0800a184   0x0000001a   Code   RO         5527    i.xQueueCreateMutexStatic  queue.o
    0x0800a19e   0x0800a19e   0x00000042   Code   RO         5528    i.xQueueGenericCreate  queue.o
    0x0800a1e0   0x0800a1e0   0x00000066   Code   RO         5529    i.xQueueGenericCreateStatic  queue.o
    0x0800a246   0x0800a246   0x00000002   PAD
    0x0800a248   0x0800a248   0x00000088   Code   RO         5530    i.xQueueGenericReset  queue.o
    0x0800a2d0   0x0800a2d0   0x00000160   Code   RO         5531    i.xQueueGenericSend  queue.o
    0x0800a430   0x0800a430   0x000000be   Code   RO         5532    i.xQueueGenericSendFromISR  queue.o
    0x0800a4ee   0x0800a4ee   0x0000009c   Code   RO         5535    i.xQueueGiveFromISR  queue.o
    0x0800a58a   0x0800a58a   0x00000002   PAD
    0x0800a58c   0x0800a58c   0x00000138   Code   RO         5541    i.xQueueReceive     queue.o
    0x0800a6c4   0x0800a6c4   0x0000009a   Code   RO         5542    i.xQueueReceiveFromISR  queue.o
    0x0800a75e   0x0800a75e   0x00000002   PAD
    0x0800a760   0x0800a760   0x00000178   Code   RO         5543    i.xQueueSemaphoreTake  queue.o
    0x0800a8d8   0x0800a8d8   0x00000074   Code   RO         5952    i.xTaskCheckForTimeOut  tasks.o
    0x0800a94c   0x0800a94c   0x0000005a   Code   RO         5953    i.xTaskCreate       tasks.o
    0x0800a9a6   0x0800a9a6   0x00000056   Code   RO         5954    i.xTaskCreateStatic  tasks.o
    0x0800a9fc   0x0800a9fc   0x0000001c   Code   RO         5958    i.xTaskGetSchedulerState  tasks.o
    0x0800aa18   0x0800aa18   0x0000000c   Code   RO         5959    i.xTaskGetTickCount  tasks.o
    0x0800aa24   0x0800aa24   0x000000c8   Code   RO         5961    i.xTaskIncrementTick  tasks.o
    0x0800aaec   0x0800aaec   0x00000080   Code   RO         5964    i.xTaskPriorityDisinherit  tasks.o
    0x0800ab6c   0x0800ab6c   0x00000078   Code   RO         5965    i.xTaskPriorityInherit  tasks.o
    0x0800abe4   0x0800abe4   0x00000070   Code   RO         5966    i.xTaskRemoveFromEventList  tasks.o
    0x0800ac54   0x0800ac54   0x000000c4   Code   RO         5967    i.xTaskResumeAll    tasks.o
    0x0800ad18   0x0800ad18   0x00000060   Code   RO         6292    i.xTimerCreateTimerTask  timers.o
    0x0800ad78   0x0800ad78   0x00000068   Code   RO         6293    i.xTimerGenericCommand  timers.o
    0x0800ade0   0x0800ade0   0x0000002c   Code   RO         8236    locale$$code        c_w.l(lc_numeric_c.o)
    0x0800ae0c   0x0800ae0c   0x0000002c   Code   RO         8321    locale$$code        c_w.l(lc_ctype_c.o)
    0x0800ae38   0x0800ae38   0x0000000c   Code   RO         8125    x$fpl$dretinf       fz_wm.l(dretinf.o)
    0x0800ae44   0x0800ae44   0x00000056   Code   RO         7992    x$fpl$f2d           fz_wm.l(f2d.o)
    0x0800ae9a   0x0800ae9a   0x0000008c   Code   RO         8127    x$fpl$fnaninf       fz_wm.l(fnaninf.o)
    0x0800af26   0x0800af26   0x0000000a   Code   RO         8460    x$fpl$fpinit        fz_wm.l(fpinit.o)
    0x0800af30   0x0800af30   0x00000004   Code   RO         7994    x$fpl$printf1       fz_wm.l(printf1.o)
    0x0800af34   0x0800af34   0x00000000   Code   RO         8137    x$fpl$usenofp       fz_wm.l(usenofp.o)
    0x0800af34   0x0800af34   0x00000018   Data   RO         4805    .constdata          stm32g4xx_hal_uart.o
    0x0800af4c   0x0800af4c   0x00000010   Data   RO         5171    .constdata          stm32g4xx_hal_uart_ex.o
    0x0800af5c   0x0800af5c   0x00000010   Data   RO         5276    .constdata          system_stm32g4xx.o
    0x0800af6c   0x0800af6c   0x00000008   Data   RO         5277    .constdata          system_stm32g4xx.o
    0x0800af74   0x0800af74   0x00000090   Data   RO         7174    .constdata          app_tasks.o
    0x0800b004   0x0800b004   0x00000020   Data   RO         7578    .constdata          mpu6050.o
    0x0800b024   0x0800b024   0x0000001c   Data   RO         7839    .constdata          st7789.o
    0x0800b040   0x0800b040   0x000002f8   Data   RO         7908    .constdata          lcd_font8.o
    0x0800b338   0x0800b338   0x00000011   Data   RO         7961    .constdata          c_w.l(__printf_flags_ss_wp.o)
    0x0800b349   0x0800b349   0x00000003   PAD
    0x0800b34c   0x0800b34c   0x00000140   Data   RO         8011    .constdata          m_wm.l(powf.o)
    0x0800b48c   0x0800b48c   0x00000094   Data   RO         8195    .constdata          c_w.l(bigflt0.o)
    0x0800b520   0x0800b520   0x00000004   Data   RO         8241    .constdata          c_w.l(sys_io.o)
    0x0800b524   0x0800b524   0x00000004   Data   RO         8242    .constdata          c_w.l(sys_io.o)
    0x0800b528   0x0800b528   0x00000004   Data   RO         8243    .constdata          c_w.l(sys_io.o)
    0x0800b52c   0x0800b52c   0x00000070   Data   RO         7175    .conststring        app_tasks.o
    0x0800b59c   0x0800b59c   0x00000041   Data   RO         7351    .conststring        debug_log.o
    0x0800b5dd   0x0800b5dd   0x00000003   PAD
    0x0800b5e0   0x0800b5e0   0x00000128   Data   RO         7643    .conststring        sensor_manager.o
    0x0800b708   0x0800b708   0x00000020   Data   RO         8539    Region$$Table       anon$$obj.o
    0x0800b728   0x0800b728   0x0000001c   Data   RO         8235    locale$$data        c_w.l(lc_numeric_c.o)
    0x0800b744   0x0800b744   0x00000110   Data   RO         8320    locale$$data        c_w.l(lc_ctype_c.o)


    Execution Region RW_IRAM1 (Exec base: 0x20000000, Load base: 0x0800b854, Size: 0x00002908, Max: 0x00008000, ABSOLUTE)

    Exec Addr    Load Addr    Size         Type   Attr      Idx    E Section Name        Object

    0x20000000   0x0800b854   0x00000008   Data   RW           17    .data               main.o
    0x20000008   0x0800b85c   0x0000000c   Data   RW          683    .data               stm32g4xx_hal.o
    0x20000014   0x0800b868   0x00000004   Data   RW         5278    .data               system_stm32g4xx.o
    0x20000018   0x0800b86c   0x0000003c   Data   RW         5970    .data               tasks.o
    0x20000054   0x0800b8a8   0x00000014   Data   RW         6301    .data               timers.o
    0x20000068   0x0800b8bc   0x00000004   Data   RW         6525    .data               cmsis_os2.o
    0x2000006c   0x0800b8c0   0x00000020   Data   RW         6970    .data               heap_4.o
    0x2000008c   0x0800b8e0   0x0000000c   Data   RW         7026    .data               port.o
    0x20000098   0x0800b8ec   0x00000014   Data   RW         7176    .data               app_tasks.o
    0x200000ac   0x0800b900   0x0000002c   Data   RW         7352    .data               debug_log.o
    0x200000d8   0x0800b92c   0x00000006   Data   RW         7439    .data               esp8266.o
    0x200000de   0x0800b932   0x00000002   Data   RW         7644    .data               sensor_manager.o
    0x200000e0   0x0800b934   0x00000001   Data   RW         7840    .data               st7789.o
    0x200000e1   0x0800b935   0x00000003   PAD
    0x200000e4   0x0800b938   0x00000008   Data   RW         7909    .data               lcd_font8.o
    0x200000ec   0x0800b940   0x00000004   Data   RW         8122    .data               c_w.l(stdio_streams.o)
    0x200000f0   0x0800b944   0x00000004   Data   RW         8123    .data               c_w.l(stdio_streams.o)
    0x200000f4   0x0800b948   0x00000004   Data   RW         8124    .data               c_w.l(stdio_streams.o)
    0x200000f8        -       0x000000a8   Zero   RW          327    .bss                i2c.o
    0x200001a0        -       0x00000028   Zero   RW          374    .bss                rtc.o
    0x200001c8        -       0x00000064   Zero   RW          416    .bss                spi.o
    0x2000022c        -       0x0000004c   Zero   RW          459    .bss                tim.o
    0x20000278        -       0x00000128   Zero   RW          507    .bss                usart.o
    0x200003a0        -       0x00000040   Zero   RW         5545    .bss                queue.o
    0x200003e0        -       0x000004c4   Zero   RW         5969    .bss                tasks.o
    0x200008a4        -       0x00000118   Zero   RW         6300    .bss                timers.o
    0x200009bc        -       0x000006b8   Zero   RW         6524    .bss                cmsis_os2.o
    0x20001074        -       0x00000c00   Zero   RW         6969    .bss                heap_4.o
    0x20001c74        -       0x00000018   Zero   RW         7271    .bss                bmp280.o
    0x20001c8c        -       0x00000400   Zero   RW         7438    .bss                esp8266.o
    0x2000208c        -       0x0000011c   Zero   RW         7642    .bss                sensor_manager.o
    0x200021a8        -       0x00000054   Zero   RW         8119    .bss                c_w.l(stdio_streams.o)
    0x200021fc        -       0x00000054   Zero   RW         8120    .bss                c_w.l(stdio_streams.o)
    0x20002250        -       0x00000054   Zero   RW         8121    .bss                c_w.l(stdio_streams.o)
    0x200022a4        -       0x00000060   Zero   RW         8155    .bss                c_w.l(libspace.o)
    0x20002304   0x0800b94c   0x00000004   PAD
    0x20002308        -       0x00000200   Zero   RW            2    HEAP                startup_stm32g431xx.o
    0x20002508        -       0x00000400   Zero   RW            1    STACK               startup_stm32g431xx.o


==============================================================================

Image component sizes


      Code (inc. data)   RO Data    RW Data    ZI Data      Debug   Object Name

       442         28          0          0          0       5559   aht20.o
      2104       1004        256         20          0      12395   app_tasks.o
       956         50          0          0         24       6788   bmp280.o
       736         32          0          4       1720      69161   cmsis_os2.o
         0          0          0          0          0       7132   croutine.o
        24          6         65         44          0       2461   debug_log.o
        68          0          0          0          0       1105   display_logic.o
       836        264          0          0          0       3592   display_ui.o
      1432        614          0          6       1024      10015   esp8266.o
         0          0          0          0          0      19592   event_groups.o
       288         18          0          0          0       1055   gpio.o
       472         24          0         32       3072       5039   heap_4.o
       392         40          0          0        168       2462   i2c.o
         0          0        760          8          0        848   lcd_font8.o
       138          0          0          0          0       3718   list.o
       244         20          0          8          0     652174   main.o
       604         34         32          0          0       5236   mpu6050.o
       786         82          0         12          0      11849   port.o
      2544         28          0          0         64      29134   queue.o
       228         20          0          0         40       1731   rtc.o
      1296        246        296          2        284       6343   sensor_manager.o
       176         16          0          0        100       1681   spi.o
       910         48         28          1          0       5732   st7789.o
        64         26        472          0       1536        872   startup_stm32g431xx.o
       162         24          0         12          0     670850   stm32g4xx_hal.o
       198         14          0          0          0      34007   stm32g4xx_hal_cortex.o
       226          0          0          0          0       2023   stm32g4xx_hal_dma.o
       604         34          0          0          0       3115   stm32g4xx_hal_gpio.o
      1628         36          0          0          0      11942   stm32g4xx_hal_i2c.o
       168          0          0          0          0       1995   stm32g4xx_hal_i2c_ex.o
        60          6          0          0          0        866   stm32g4xx_hal_msp.o
       204         18          0          0          0       1465   stm32g4xx_hal_pwr_ex.o
      1684         88          0          0          0       6436   stm32g4xx_hal_rcc.o
       648         10          0          0          0       1940   stm32g4xx_hal_rcc_ex.o
       754         20          0          0          0       6401   stm32g4xx_hal_rtc.o
      1112         10          0          0          0       5990   stm32g4xx_hal_spi.o
      1856        198          0          0          0      13752   stm32g4xx_hal_tim.o
       312         32          0          0          0       2448   stm32g4xx_hal_tim_ex.o
      3906        144         24          0          0      37530   stm32g4xx_hal_uart.o
       288          6         16          0          0       5602   stm32g4xx_hal_uart_ex.o
        48          6          0          0          0       3767   stm32g4xx_it.o
         0          0          0          0          0        392   stream_buffer.o
        16          4         24          4          0       1211   system_stm32g4xx.o
      2408        196          0         60       1220      31563   tasks.o
       340         32          0          0         76       2440   tim.o
       972         80          0         20        280      32627   timers.o
       440         36          0          0        296       2563   usart.o

    ----------------------------------------------------------------------
     32830       3594       2008        236       9904    1746599   Object Totals
         0          0         32          0          0          0   (incl. Generated)
        56          0          3          3          0          0   (incl. Padding)

    ----------------------------------------------------------------------

      Code (inc. data)   RO Data    RW Data    ZI Data      Debug   Library Member Name

        24          4          0          0          0         84   __2printf.o
        56          6          0          0          0         88   __2snprintf.o
         8          0          0          0          0         68   __main.o
       392          4         17          0          0         92   __printf_flags_ss_wp.o
        14          0          0          0          0         68   __printf_wp.o
         0          0          0          0          0          0   __rtentry.o
        12          0          0          0          0          0   __rtentry2.o
         6          0          0          0          0          0   __rtentry4.o
        52          8          0          0          0          0   __scatter.o
        26          0          0          0          0          0   __scatter_copy.o
        28          0          0          0          0          0   __scatter_zi.o
        28          0          0          0          0         68   _chval.o
        44          0          0          0          0        108   _printf_char.o
        48          6          0          0          0         96   _printf_char_common.o
        36          4          0          0          0         80   _printf_char_file.o
         6          0          0          0          0          0   _printf_d.o
       120         16          0          0          0         92   _printf_dec.o
         6          0          0          0          0          0   _printf_f.o
      1054          0          0          0          0        216   _printf_fp_dec.o
       128         16          0          0          0         84   _printf_fp_infnan.o
       178          0          0          0          0         88   _printf_intcommon.o
         0          0          0          0          0          0   _printf_percent.o
         4          0          0          0          0          0   _printf_percent_end.o
         6          0          0          0          0          0   _printf_s.o
        82          0          0          0          0         80   _printf_str.o
         6          0          0          0          0          0   _printf_u.o
        22          0          0          0          0        100   _rserrno.o
        16          0          0          0          0         68   _snputc.o
        10          0          0          0          0         68   _sputc.o
       158          0          0          0          0         92   _strtoul.o
        16          0          0          0          0         68   aeabi_memset.o
        26          0          0          0          0         80   atoi.o
       228          4        148          0          0         96   bigflt0.o
      1936        128          0          0          0        672   btod.o
        10          0          0          0          0         68   defsig_exit.o
        50          0          0          0          0         88   defsig_general.o
        80         58          0          0          0         76   defsig_rtmem_inner.o
        14          0          0          0          0         80   defsig_rtmem_outer.o
        52         38          0          0          0         76   defsig_rtred_inner.o
        14          0          0          0          0         80   defsig_rtred_outer.o
        18          0          0          0          0         80   exit.o
        76          0          0          0          0         88   fclose.o
         8          0          0          0          0         68   ferror.o
       470          0          0          0          0         88   flsbuf.o
       236          4          0          0          0        128   fopen.o
        26          0          0          0          0         68   fputc.o
       248          6          0          0          0         84   fseek.o
        66          0          0          0          0         76   ftell.o
        94          0          0          0          0         80   h1_alloc.o
        52          0          0          0          0         68   h1_extend.o
        78          0          0          0          0         80   h1_free.o
        14          0          0          0          0         84   h1_init.o
         6          0          0          0          0        152   heapauxi.o
         4          0          0          0          0        136   hguard.o
         0          0          0          0          0          0   indicate_semi.o
       138          0          0          0          0        168   init_alloc.o
       312         46          0          0          0        112   initio.o
        44         10        272          0          0         76   lc_ctype_c.o
        44         10         28          0          0         76   lc_numeric_c.o
         2          0          0          0          0          0   libinit.o
        46          0          0          0          0          0   libinit2.o
         2          0          0          0          0          0   libshutdown.o
         6          0          0          0          0          0   libshutdown2.o
         8          4          0          0         96         68   libspace.o
        72          0          0          0          0         76   llsdiv.o
       138          0          0          0          0         80   lludiv10.o
       238          0          0          0          0        100   lludivv7m.o
         0          0          0          0          0          0   maybetermalloc1.o
        16          4          0          0          0         76   rt_ctype_table.o
         8          4          0          0          0         68   rt_errno_addr_intlibspace.o
         8          4          0          0          0         68   rt_heap_descriptor_intlibspace.o
         8          4          0          0          0         68   rt_locale_intlibspace.o
        68          0          0          0          0         68   rt_memclr.o
        78          0          0          0          0         80   rt_memclr_w.o
       138          0          0          0          0         68   rt_memcpy_v6.o
       100          0          0          0          0         80   rt_memcpy_w.o
         2          0          0          0          0          0   rtexit.o
        10          0          0          0          0          0   rtexit2.o
        70          0          0          0          0         80   setvbuf.o
       240          6          0          0          0        156   stdio.o
         0          0          0         12        252          0   stdio_streams.o
       128          0          0          0          0         68   strcmpv7m.o
        62          0          0          0          0         76   strlen.o
        36          0          0          0          0         80   strstr.o
       112          0          0          0          0         88   strtol.o
        12          4          0          0          0         68   sys_exit.o
       102          0         12          0          0        240   sys_io.o
        74          0          0          0          0         80   sys_stackheap_outer.o
        14          0          0          0          0         76   sys_wrch.o
         2          0          0          0          0         68   use_no_semi.o
        12          0          0          0          0        116   dretinf.o
        86          4          0          0          0        132   f2d.o
       140          4          0          0          0        132   fnaninf.o
        10          0          0          0          0        116   fpinit.o
         4          0          0          0          0        116   printf1.o
         0          0          0          0          0          0   usenofp.o
       684         90          0          0          0        208   atan2f.o
        48          0          0          0          0        124   fpclassify.o
        38          0          0          0          0        116   fpclassifyf.o
        74         24          0          0          0        580   funder.o
      1636        110        320          0          0        372   powf.o
        58          0          0          0          0        136   sqrtf.o

    ----------------------------------------------------------------------
     11550        630        800         12        352       8864   Library Totals
        30          0          3          0          4          0   (incl. Padding)

    ----------------------------------------------------------------------

      Code (inc. data)   RO Data    RW Data    ZI Data      Debug   Library Name

      8730        398        477         12        348       6716   c_w.l
       252          8          0          0          0        612   fz_wm.l
      2538        224        320          0          0       1536   m_wm.l

    ----------------------------------------------------------------------
     11550        630        800         12        352       8864   Library Totals

    ----------------------------------------------------------------------

==============================================================================


      Code (inc. data)   RO Data    RW Data    ZI Data      Debug   

     44380       4224       2808        248      10256    1723615   Grand Totals
     44380       4224       2808        248      10256    1723615   ELF Image Totals
     44380       4224       2808        248          0          0   ROM Totals

==============================================================================

    Total RO  Size (Code + RO Data)                47188 (  46.08kB)
    Total RW  Size (RW Data + ZI Data)             10504 (  10.26kB)
    Total ROM Size (Code + RO Data + RW Data)      47436 (  46.32kB)

==============================================================================

